Archive member included because of file (symbol)

d:/downloads/imt tools/sdk/imt_sdk_win_64/imt_sdk_win_64/winavr/bin/../lib/gcc/avr/4.3.3/avr5\libgcc.a(_mulsi3.o)
                              ./MCAL/Timer/Timer_prog.o (__mulsi3)
d:/downloads/imt tools/sdk/imt_sdk_win_64/imt_sdk_win_64/winavr/bin/../lib/gcc/avr/4.3.3/avr5\libgcc.a(_udivmodhi4.o)
                              ./program.o (__udivmodhi4)
d:/downloads/imt tools/sdk/imt_sdk_win_64/imt_sdk_win_64/winavr/bin/../lib/gcc/avr/4.3.3/avr5\libgcc.a(_divmodhi4.o)
                              ./TIMER/MCAL/TIMER0/TIMER0_Program.o (__divmodhi4)
d:/downloads/imt tools/sdk/imt_sdk_win_64/imt_sdk_win_64/winavr/bin/../lib/gcc/avr/4.3.3/avr5\libgcc.a(_udivmodsi4.o)
                              ./MCAL/Timer/Timer_prog.o (__udivmodsi4)
d:/downloads/imt tools/sdk/imt_sdk_win_64/imt_sdk_win_64/winavr/bin/../lib/gcc/avr/4.3.3/avr5\libgcc.a(_exit.o)
                              d:/downloads/imt tools/sdk/imt_sdk_win_64/imt_sdk_win_64/winavr/bin/../lib/gcc/avr/4.3.3/../../../../avr/lib/avr5/crtm32.o (exit)
d:/downloads/imt tools/sdk/imt_sdk_win_64/imt_sdk_win_64/winavr/bin/../lib/gcc/avr/4.3.3/avr5\libgcc.a(_copy_data.o)
                              ./HAL/LCD/LCD_prog.o (__do_copy_data)
d:/downloads/imt tools/sdk/imt_sdk_win_64/imt_sdk_win_64/winavr/bin/../lib/gcc/avr/4.3.3/avr5\libgcc.a(_clear_bss.o)
                              ./TIMER/MCAL/TIMER0/TIMER0_Program.o (__do_clear_bss)
d:/downloads/imt tools/sdk/imt_sdk_win_64/imt_sdk_win_64/winavr/bin/../lib/gcc/avr/4.3.3/avr5\libgcc.a(_fixunssfsi.o)
                              ./MCAL/UART/UART_prog.o (__fixunssfsi)
d:/downloads/imt tools/sdk/imt_sdk_win_64/imt_sdk_win_64/winavr/bin/../lib/gcc/avr/4.3.3/avr5\libgcc.a(_addsub_sf.o)
                              ./MCAL/Timer/Timer_prog.o (__subsf3)
d:/downloads/imt tools/sdk/imt_sdk_win_64/imt_sdk_win_64/winavr/bin/../lib/gcc/avr/4.3.3/avr5\libgcc.a(_mul_sf.o)
                              ./MCAL/UART/UART_prog.o (__mulsf3)
d:/downloads/imt tools/sdk/imt_sdk_win_64/imt_sdk_win_64/winavr/bin/../lib/gcc/avr/4.3.3/avr5\libgcc.a(_div_sf.o)
                              ./MCAL/Timer/Timer_prog.o (__divsf3)
d:/downloads/imt tools/sdk/imt_sdk_win_64/imt_sdk_win_64/winavr/bin/../lib/gcc/avr/4.3.3/avr5\libgcc.a(_ne_sf.o)
                              ./MCAL/Timer/Timer_prog.o (__nesf2)
d:/downloads/imt tools/sdk/imt_sdk_win_64/imt_sdk_win_64/winavr/bin/../lib/gcc/avr/4.3.3/avr5\libgcc.a(_gt_sf.o)
                              ./MCAL/UART/UART_prog.o (__gtsf2)
d:/downloads/imt tools/sdk/imt_sdk_win_64/imt_sdk_win_64/winavr/bin/../lib/gcc/avr/4.3.3/avr5\libgcc.a(_ge_sf.o)
                              d:/downloads/imt tools/sdk/imt_sdk_win_64/imt_sdk_win_64/winavr/bin/../lib/gcc/avr/4.3.3/avr5\libgcc.a(_fixunssfsi.o) (__gesf2)
d:/downloads/imt tools/sdk/imt_sdk_win_64/imt_sdk_win_64/winavr/bin/../lib/gcc/avr/4.3.3/avr5\libgcc.a(_lt_sf.o)
                              ./MCAL/UART/UART_prog.o (__ltsf2)
d:/downloads/imt tools/sdk/imt_sdk_win_64/imt_sdk_win_64/winavr/bin/../lib/gcc/avr/4.3.3/avr5\libgcc.a(_sf_to_si.o)
                              d:/downloads/imt tools/sdk/imt_sdk_win_64/imt_sdk_win_64/winavr/bin/../lib/gcc/avr/4.3.3/avr5\libgcc.a(_fixunssfsi.o) (__fixsfsi)
d:/downloads/imt tools/sdk/imt_sdk_win_64/imt_sdk_win_64/winavr/bin/../lib/gcc/avr/4.3.3/avr5\libgcc.a(_thenan_sf.o)
                              d:/downloads/imt tools/sdk/imt_sdk_win_64/imt_sdk_win_64/winavr/bin/../lib/gcc/avr/4.3.3/avr5\libgcc.a(_addsub_sf.o) (__thenan_sf)
d:/downloads/imt tools/sdk/imt_sdk_win_64/imt_sdk_win_64/winavr/bin/../lib/gcc/avr/4.3.3/avr5\libgcc.a(_usi_to_sf.o)
                              ./MCAL/Timer/Timer_prog.o (__floatunsisf)
d:/downloads/imt tools/sdk/imt_sdk_win_64/imt_sdk_win_64/winavr/bin/../lib/gcc/avr/4.3.3/avr5\libgcc.a(_prologue.o)
                              d:/downloads/imt tools/sdk/imt_sdk_win_64/imt_sdk_win_64/winavr/bin/../lib/gcc/avr/4.3.3/avr5\libgcc.a(_addsub_sf.o) (__prologue_saves__)
d:/downloads/imt tools/sdk/imt_sdk_win_64/imt_sdk_win_64/winavr/bin/../lib/gcc/avr/4.3.3/avr5\libgcc.a(_epilogue.o)
                              d:/downloads/imt tools/sdk/imt_sdk_win_64/imt_sdk_win_64/winavr/bin/../lib/gcc/avr/4.3.3/avr5\libgcc.a(_addsub_sf.o) (__epilogue_restores__)
d:/downloads/imt tools/sdk/imt_sdk_win_64/imt_sdk_win_64/winavr/bin/../lib/gcc/avr/4.3.3/avr5\libgcc.a(_clzsi2.o)
                              d:/downloads/imt tools/sdk/imt_sdk_win_64/imt_sdk_win_64/winavr/bin/../lib/gcc/avr/4.3.3/avr5\libgcc.a(_usi_to_sf.o) (__clzsi2)
d:/downloads/imt tools/sdk/imt_sdk_win_64/imt_sdk_win_64/winavr/bin/../lib/gcc/avr/4.3.3/avr5\libgcc.a(_pack_sf.o)
                              d:/downloads/imt tools/sdk/imt_sdk_win_64/imt_sdk_win_64/winavr/bin/../lib/gcc/avr/4.3.3/avr5\libgcc.a(_addsub_sf.o) (__pack_f)
d:/downloads/imt tools/sdk/imt_sdk_win_64/imt_sdk_win_64/winavr/bin/../lib/gcc/avr/4.3.3/avr5\libgcc.a(_unpack_sf.o)
                              d:/downloads/imt tools/sdk/imt_sdk_win_64/imt_sdk_win_64/winavr/bin/../lib/gcc/avr/4.3.3/avr5\libgcc.a(_addsub_sf.o) (__unpack_f)
d:/downloads/imt tools/sdk/imt_sdk_win_64/imt_sdk_win_64/winavr/bin/../lib/gcc/avr/4.3.3/avr5\libgcc.a(_fpcmp_parts_sf.o)
                              d:/downloads/imt tools/sdk/imt_sdk_win_64/imt_sdk_win_64/winavr/bin/../lib/gcc/avr/4.3.3/avr5\libgcc.a(_ne_sf.o) (__fpcmp_parts_f)
d:/downloads/imt tools/sdk/imt_sdk_win_64/imt_sdk_win_64/winavr/bin/../lib/gcc/avr/4.3.3/avr5\libgcc.a(_clz.o)
                              d:/downloads/imt tools/sdk/imt_sdk_win_64/imt_sdk_win_64/winavr/bin/../lib/gcc/avr/4.3.3/avr5\libgcc.a(_clzsi2.o) (__clz_tab)
d:/downloads/imt tools/sdk/imt_sdk_win_64/imt_sdk_win_64/winavr/bin/../lib/gcc/avr/4.3.3/../../../../avr/lib/avr5\libc.a(atol.o)
                              ./MCAL/UART/UART_prog.o (atol)
d:/downloads/imt tools/sdk/imt_sdk_win_64/imt_sdk_win_64/winavr/bin/../lib/gcc/avr/4.3.3/../../../../avr/lib/avr5\libc.a(ltoa.o)
                              ./MCAL/UART/UART_prog.o (ltoa)
d:/downloads/imt tools/sdk/imt_sdk_win_64/imt_sdk_win_64/winavr/bin/../lib/gcc/avr/4.3.3/../../../../avr/lib/avr5\libc.a(mulsi10.o)
                              d:/downloads/imt tools/sdk/imt_sdk_win_64/imt_sdk_win_64/winavr/bin/../lib/gcc/avr/4.3.3/../../../../avr/lib/avr5\libc.a(atol.o) (__mulsi_const_10)
d:/downloads/imt tools/sdk/imt_sdk_win_64/imt_sdk_win_64/winavr/bin/../lib/gcc/avr/4.3.3/../../../../avr/lib/avr5\libc.a(strrev.o)
                              d:/downloads/imt tools/sdk/imt_sdk_win_64/imt_sdk_win_64/winavr/bin/../lib/gcc/avr/4.3.3/../../../../avr/lib/avr5\libc.a(ltoa.o) (strrev)

Allocating common symbols
Common symbol       size              file

ADC_Callback        0x2               ./MCAL/ADC/ADC_prog.o
G_u8Timer2Flag      0x1               ./MCAL/Timer/Timer_prog.o

Memory Configuration

Name             Origin             Length             Attributes
text             0x00000000         0x00020000         xr
data             0x00800060         0x0000ffa0         rw !x
eeprom           0x00810000         0x00010000         rw !x
fuse             0x00820000         0x00000400         rw !x
lock             0x00830000         0x00000400         rw !x
signature        0x00840000         0x00000400         rw !x
*default*        0x00000000         0xffffffff

Linker script and memory map

LOAD d:/downloads/imt tools/sdk/imt_sdk_win_64/imt_sdk_win_64/winavr/bin/../lib/gcc/avr/4.3.3/../../../../avr/lib/avr5/crtm32.o
LOAD ./TIMER/MCAL/TIMER0/TIMER0_Program.o
LOAD ./TIMER/MCAL/Global_Interrupt/Global_Interrupt_program.o
LOAD ./TIMER/MCAL/DIO/DIO_Program.o
LOAD ./MCAL/UART/UART_prog.o
LOAD ./MCAL/Timer/Timer_prog.o
LOAD ./MCAL/EXIT_interrupt/EXT_INTERUPT_prog.o
LOAD ./MCAL/DIO/DIO_prg.o
LOAD ./MCAL/ADC/ADC_prog.o
LOAD ./HAL/Ultrasonic_Sensor/Ultrasonic_prog.o
LOAD ./HAL/Push_button/Pb_prog.o
LOAD ./HAL/LED/LED_prog.o
LOAD ./HAL/LCD/LCD_private.o
LOAD ./HAL/LCD/LCD_prog.o
LOAD ./HAL/Buzzer/BUZZER_prog.o
LOAD ./main.o
LOAD ./program.o
LOAD d:/downloads/imt tools/sdk/imt_sdk_win_64/imt_sdk_win_64/winavr/bin/../lib/gcc/avr/4.3.3/avr5\libgcc.a
LOAD d:/downloads/imt tools/sdk/imt_sdk_win_64/imt_sdk_win_64/winavr/bin/../lib/gcc/avr/4.3.3/../../../../avr/lib/avr5\libc.a
LOAD d:/downloads/imt tools/sdk/imt_sdk_win_64/imt_sdk_win_64/winavr/bin/../lib/gcc/avr/4.3.3/avr5\libgcc.a

.hash
 *(.hash)

.dynsym
 *(.dynsym)

.dynstr
 *(.dynstr)

.gnu.version
 *(.gnu.version)

.gnu.version_d
 *(.gnu.version_d)

.gnu.version_r
 *(.gnu.version_r)

.rel.init
 *(.rel.init)

.rela.init
 *(.rela.init)

.rel.text
 *(.rel.text)
 *(.rel.text.*)
 *(.rel.gnu.linkonce.t*)

.rela.text
 *(.rela.text)
 *(.rela.text.*)
 *(.rela.gnu.linkonce.t*)

.rel.fini
 *(.rel.fini)

.rela.fini
 *(.rela.fini)

.rel.rodata
 *(.rel.rodata)
 *(.rel.rodata.*)
 *(.rel.gnu.linkonce.r*)

.rela.rodata
 *(.rela.rodata)
 *(.rela.rodata.*)
 *(.rela.gnu.linkonce.r*)

.rel.data
 *(.rel.data)
 *(.rel.data.*)
 *(.rel.gnu.linkonce.d*)

.rela.data
 *(.rela.data)
 *(.rela.data.*)
 *(.rela.gnu.linkonce.d*)

.rel.ctors
 *(.rel.ctors)

.rela.ctors
 *(.rela.ctors)

.rel.dtors
 *(.rel.dtors)

.rela.dtors
 *(.rela.dtors)

.rel.got
 *(.rel.got)

.rela.got
 *(.rela.got)

.rel.bss
 *(.rel.bss)

.rela.bss
 *(.rela.bss)

.rel.plt
 *(.rel.plt)

.rela.plt
 *(.rela.plt)

.text           0x00000000     0x6792
 *(.vectors)
 .vectors       0x00000000       0x54 d:/downloads/imt tools/sdk/imt_sdk_win_64/imt_sdk_win_64/winavr/bin/../lib/gcc/avr/4.3.3/../../../../avr/lib/avr5/crtm32.o
                0x00000000                __vectors
                0x00000000                __vector_default
 *(.vectors)
 *(.progmem.gcc*)
 *(.progmem*)
                0x00000054                . = ALIGN (0x2)
                0x00000054                __trampolines_start = .
 *(.trampolines)
 .trampolines   0x00000054        0x0 linker stubs
 *(.trampolines*)
                0x00000054                __trampolines_end = .
 *(.jumptables)
 *(.jumptables*)
 *(.lowtext)
 *(.lowtext*)
                0x00000054                __ctors_start = .
 *(.ctors)
                0x00000054                __ctors_end = .
                0x00000054                __dtors_start = .
 *(.dtors)
                0x00000054                __dtors_end = .
 SORT(*)(.ctors)
 SORT(*)(.dtors)
 *(.init0)
 .init0         0x00000054        0x0 d:/downloads/imt tools/sdk/imt_sdk_win_64/imt_sdk_win_64/winavr/bin/../lib/gcc/avr/4.3.3/../../../../avr/lib/avr5/crtm32.o
                0x00000054                __init
 *(.init0)
 *(.init1)
 *(.init1)
 *(.init2)
 .init2         0x00000054        0xc d:/downloads/imt tools/sdk/imt_sdk_win_64/imt_sdk_win_64/winavr/bin/../lib/gcc/avr/4.3.3/../../../../avr/lib/avr5/crtm32.o
 *(.init2)
 *(.init3)
 *(.init3)
 *(.init4)
 .init4         0x00000060       0x16 d:/downloads/imt tools/sdk/imt_sdk_win_64/imt_sdk_win_64/winavr/bin/../lib/gcc/avr/4.3.3/avr5\libgcc.a(_copy_data.o)
                0x00000060                __do_copy_data
 .init4         0x00000076       0x10 d:/downloads/imt tools/sdk/imt_sdk_win_64/imt_sdk_win_64/winavr/bin/../lib/gcc/avr/4.3.3/avr5\libgcc.a(_clear_bss.o)
                0x00000076                __do_clear_bss
 *(.init4)
 *(.init5)
 *(.init5)
 *(.init6)
 *(.init6)
 *(.init7)
 *(.init7)
 *(.init8)
 *(.init8)
 *(.init9)
 .init9         0x00000086        0x8 d:/downloads/imt tools/sdk/imt_sdk_win_64/imt_sdk_win_64/winavr/bin/../lib/gcc/avr/4.3.3/../../../../avr/lib/avr5/crtm32.o
 *(.init9)
 *(.text)
 .text          0x0000008e        0x4 d:/downloads/imt tools/sdk/imt_sdk_win_64/imt_sdk_win_64/winavr/bin/../lib/gcc/avr/4.3.3/../../../../avr/lib/avr5/crtm32.o
                0x0000008e                __vector_12
                0x0000008e                __bad_interrupt
                0x0000008e                __vector_6
                0x0000008e                __vector_13
                0x0000008e                __vector_17
                0x0000008e                __vector_19
                0x0000008e                __vector_7
                0x0000008e                __vector_5
                0x0000008e                __vector_4
                0x0000008e                __vector_9
                0x0000008e                __vector_15
                0x0000008e                __vector_8
                0x0000008e                __vector_14
                0x0000008e                __vector_18
                0x0000008e                __vector_20
 .text          0x00000092        0x0 ./TIMER/MCAL/TIMER0/TIMER0_Program.o
 .text          0x00000092        0x0 ./TIMER/MCAL/Global_Interrupt/Global_Interrupt_program.o
 .text          0x00000092        0x0 ./TIMER/MCAL/DIO/DIO_Program.o
 .text          0x00000092        0x0 ./MCAL/UART/UART_prog.o
 .text          0x00000092        0x0 ./MCAL/Timer/Timer_prog.o
 .text          0x00000092        0x0 ./MCAL/EXIT_interrupt/EXT_INTERUPT_prog.o
 .text          0x00000092        0x0 ./MCAL/DIO/DIO_prg.o
 .text          0x00000092        0x0 ./MCAL/ADC/ADC_prog.o
 .text          0x00000092        0x0 ./HAL/Ultrasonic_Sensor/Ultrasonic_prog.o
 .text          0x00000092        0x0 ./HAL/Push_button/Pb_prog.o
 .text          0x00000092        0x0 ./HAL/LED/LED_prog.o
 .text          0x00000092        0x0 ./HAL/LCD/LCD_private.o
 .text          0x00000092        0x0 ./HAL/LCD/LCD_prog.o
 .text          0x00000092        0x0 ./HAL/Buzzer/BUZZER_prog.o
 .text          0x00000092        0x0 ./main.o
 .text          0x00000092        0x0 ./program.o
 .text          0x00000092        0x0 d:/downloads/imt tools/sdk/imt_sdk_win_64/imt_sdk_win_64/winavr/bin/../lib/gcc/avr/4.3.3/avr5\libgcc.a(_mulsi3.o)
 .text          0x00000092        0x0 d:/downloads/imt tools/sdk/imt_sdk_win_64/imt_sdk_win_64/winavr/bin/../lib/gcc/avr/4.3.3/avr5\libgcc.a(_udivmodhi4.o)
 .text          0x00000092        0x0 d:/downloads/imt tools/sdk/imt_sdk_win_64/imt_sdk_win_64/winavr/bin/../lib/gcc/avr/4.3.3/avr5\libgcc.a(_divmodhi4.o)
 .text          0x00000092        0x0 d:/downloads/imt tools/sdk/imt_sdk_win_64/imt_sdk_win_64/winavr/bin/../lib/gcc/avr/4.3.3/avr5\libgcc.a(_udivmodsi4.o)
 .text          0x00000092        0x0 d:/downloads/imt tools/sdk/imt_sdk_win_64/imt_sdk_win_64/winavr/bin/../lib/gcc/avr/4.3.3/avr5\libgcc.a(_exit.o)
 .text          0x00000092        0x0 d:/downloads/imt tools/sdk/imt_sdk_win_64/imt_sdk_win_64/winavr/bin/../lib/gcc/avr/4.3.3/avr5\libgcc.a(_copy_data.o)
 .text          0x00000092        0x0 d:/downloads/imt tools/sdk/imt_sdk_win_64/imt_sdk_win_64/winavr/bin/../lib/gcc/avr/4.3.3/avr5\libgcc.a(_clear_bss.o)
 .text          0x00000092       0x58 d:/downloads/imt tools/sdk/imt_sdk_win_64/imt_sdk_win_64/winavr/bin/../lib/gcc/avr/4.3.3/avr5\libgcc.a(_fixunssfsi.o)
                0x00000092                __fixunssfsi
 .text          0x000000ea      0x354 d:/downloads/imt tools/sdk/imt_sdk_win_64/imt_sdk_win_64/winavr/bin/../lib/gcc/avr/4.3.3/avr5\libgcc.a(_addsub_sf.o)
                0x00000382                __subsf3
                0x000003e4                __addsf3
 .text          0x0000043e      0x1f4 d:/downloads/imt tools/sdk/imt_sdk_win_64/imt_sdk_win_64/winavr/bin/../lib/gcc/avr/4.3.3/avr5\libgcc.a(_mul_sf.o)
                0x0000043e                __mulsf3
 .text          0x00000632      0x158 d:/downloads/imt tools/sdk/imt_sdk_win_64/imt_sdk_win_64/winavr/bin/../lib/gcc/avr/4.3.3/avr5\libgcc.a(_div_sf.o)
                0x00000632                __divsf3
 .text          0x0000078a       0x60 d:/downloads/imt tools/sdk/imt_sdk_win_64/imt_sdk_win_64/winavr/bin/../lib/gcc/avr/4.3.3/avr5\libgcc.a(_ne_sf.o)
                0x0000078a                __nesf2
 .text          0x000007ea       0x60 d:/downloads/imt tools/sdk/imt_sdk_win_64/imt_sdk_win_64/winavr/bin/../lib/gcc/avr/4.3.3/avr5\libgcc.a(_gt_sf.o)
                0x000007ea                __gtsf2
 .text          0x0000084a       0x60 d:/downloads/imt tools/sdk/imt_sdk_win_64/imt_sdk_win_64/winavr/bin/../lib/gcc/avr/4.3.3/avr5\libgcc.a(_ge_sf.o)
                0x0000084a                __gesf2
 .text          0x000008aa       0x60 d:/downloads/imt tools/sdk/imt_sdk_win_64/imt_sdk_win_64/winavr/bin/../lib/gcc/avr/4.3.3/avr5\libgcc.a(_lt_sf.o)
                0x000008aa                __ltsf2
 .text          0x0000090a       0xa8 d:/downloads/imt tools/sdk/imt_sdk_win_64/imt_sdk_win_64/winavr/bin/../lib/gcc/avr/4.3.3/avr5\libgcc.a(_sf_to_si.o)
                0x0000090a                __fixsfsi
 .text          0x000009b2        0x0 d:/downloads/imt tools/sdk/imt_sdk_win_64/imt_sdk_win_64/winavr/bin/../lib/gcc/avr/4.3.3/avr5\libgcc.a(_thenan_sf.o)
 .text          0x000009b2       0xf2 d:/downloads/imt tools/sdk/imt_sdk_win_64/imt_sdk_win_64/winavr/bin/../lib/gcc/avr/4.3.3/avr5\libgcc.a(_usi_to_sf.o)
                0x000009b2                __floatunsisf
 .text          0x00000aa4        0x0 d:/downloads/imt tools/sdk/imt_sdk_win_64/imt_sdk_win_64/winavr/bin/../lib/gcc/avr/4.3.3/avr5\libgcc.a(_prologue.o)
 .text          0x00000aa4        0x0 d:/downloads/imt tools/sdk/imt_sdk_win_64/imt_sdk_win_64/winavr/bin/../lib/gcc/avr/4.3.3/avr5\libgcc.a(_epilogue.o)
 .text          0x00000aa4       0x9e d:/downloads/imt tools/sdk/imt_sdk_win_64/imt_sdk_win_64/winavr/bin/../lib/gcc/avr/4.3.3/avr5\libgcc.a(_clzsi2.o)
                0x00000aa4                __clzsi2
 .text          0x00000b42      0x1aa d:/downloads/imt tools/sdk/imt_sdk_win_64/imt_sdk_win_64/winavr/bin/../lib/gcc/avr/4.3.3/avr5\libgcc.a(_pack_sf.o)
                0x00000b42                __pack_f
 .text          0x00000cec       0xf0 d:/downloads/imt tools/sdk/imt_sdk_win_64/imt_sdk_win_64/winavr/bin/../lib/gcc/avr/4.3.3/avr5\libgcc.a(_unpack_sf.o)
                0x00000cec                __unpack_f
 .text          0x00000ddc       0xb2 d:/downloads/imt tools/sdk/imt_sdk_win_64/imt_sdk_win_64/winavr/bin/../lib/gcc/avr/4.3.3/avr5\libgcc.a(_fpcmp_parts_sf.o)
                0x00000ddc                __fpcmp_parts_f
 .text          0x00000e8e        0x0 d:/downloads/imt tools/sdk/imt_sdk_win_64/imt_sdk_win_64/winavr/bin/../lib/gcc/avr/4.3.3/avr5\libgcc.a(_clz.o)
 .text          0x00000e8e        0x0 d:/downloads/imt tools/sdk/imt_sdk_win_64/imt_sdk_win_64/winavr/bin/../lib/gcc/avr/4.3.3/../../../../avr/lib/avr5\libc.a(atol.o)
 .text          0x00000e8e        0x0 d:/downloads/imt tools/sdk/imt_sdk_win_64/imt_sdk_win_64/winavr/bin/../lib/gcc/avr/4.3.3/../../../../avr/lib/avr5\libc.a(ltoa.o)
 .text          0x00000e8e        0x0 d:/downloads/imt tools/sdk/imt_sdk_win_64/imt_sdk_win_64/winavr/bin/../lib/gcc/avr/4.3.3/../../../../avr/lib/avr5\libc.a(mulsi10.o)
 .text          0x00000e8e        0x0 d:/downloads/imt tools/sdk/imt_sdk_win_64/imt_sdk_win_64/winavr/bin/../lib/gcc/avr/4.3.3/../../../../avr/lib/avr5\libc.a(strrev.o)
                0x00000e8e                . = ALIGN (0x2)
 *(.text.*)
 .text.TMR0_VoidInit
                0x00000e8e       0x70 ./TIMER/MCAL/TIMER0/TIMER0_Program.o
                0x00000e8e                TMR0_VoidInit
 .text.TMR0_VoidOVFInterruptEnable
                0x00000efe       0x1c ./TIMER/MCAL/TIMER0/TIMER0_Program.o
                0x00000efe                TMR0_VoidOVFInterruptEnable
 .text.TMR0_VoidOCMInterruptEnable
                0x00000f1a       0x2a ./TIMER/MCAL/TIMER0/TIMER0_Program.o
                0x00000f1a                TMR0_VoidOCMInterruptEnable
 .text.TMR0_VoidSetPreLoad
                0x00000f44       0x1c ./TIMER/MCAL/TIMER0/TIMER0_Program.o
                0x00000f44                TMR0_VoidSetPreLoad
 .text.TMR0_VoidSetOCMValue
                0x00000f60       0x1c ./TIMER/MCAL/TIMER0/TIMER0_Program.o
                0x00000f60                TMR0_VoidSetOCMValue
 .text.TMR0_VidSetDutyCycle
                0x00000f7c       0x48 ./TIMER/MCAL/TIMER0/TIMER0_Program.o
                0x00000f7c                TMR0_VidSetDutyCycle
 .text.TMR0_OFV_SetCallBack
                0x00000fc4       0x24 ./TIMER/MCAL/TIMER0/TIMER0_Program.o
                0x00000fc4                TMR0_OFV_SetCallBack
 .text.TMR0_OCM_SetCallBack
                0x00000fe8       0x24 ./TIMER/MCAL/TIMER0/TIMER0_Program.o
                0x00000fe8                TMR0_OCM_SetCallBack
 .text.__vector_11
                0x0000100c       0x66 ./TIMER/MCAL/TIMER0/TIMER0_Program.o
                0x0000100c                __vector_11
 .text.__vector_10
                0x00001072       0x66 ./TIMER/MCAL/TIMER0/TIMER0_Program.o
                0x00001072                __vector_10
 .text.MGlobal_Interrupt_VoidEnable
                0x000010d8       0x1c ./TIMER/MCAL/Global_Interrupt/Global_Interrupt_program.o
                0x000010d8                MGlobal_Interrupt_VoidEnable
 .text.MGlobal_Interrupt_VoidDisable
                0x000010f4       0x1c ./TIMER/MCAL/Global_Interrupt/Global_Interrupt_program.o
                0x000010f4                MGlobal_Interrupt_VoidDisable
 .text.MDIO_void_SetPinDirection
                0x00001110      0x200 ./TIMER/MCAL/DIO/DIO_Program.o
                0x00001110                MDIO_void_SetPinDirection
 .text.MDIO_void_WritePin
                0x00001310      0x200 ./TIMER/MCAL/DIO/DIO_Program.o
                0x00001310                MDIO_void_WritePin
 .text.MDIO_u8_ReadPin
                0x00001510       0xf4 ./TIMER/MCAL/DIO/DIO_Program.o
                0x00001510                MDIO_u8_ReadPin
 .text.MDIO_void_TogglePin
                0x00001604       0xfa ./TIMER/MCAL/DIO/DIO_Program.o
                0x00001604                MDIO_void_TogglePin
 .text.MDIO_voidSetPortDirection
                0x000016fe       0x82 ./TIMER/MCAL/DIO/DIO_Program.o
                0x000016fe                MDIO_voidSetPortDirection
 .text.MDIO_voidWritePort
                0x00001780       0x82 ./TIMER/MCAL/DIO/DIO_Program.o
                0x00001780                MDIO_voidWritePort
 .text.MUART_voidInit
                0x00001802      0x14c ./MCAL/UART/UART_prog.o
                0x00001802                MUART_voidInit
 .text.MUART_voidSendData
                0x0000194e       0x42 ./MCAL/UART/UART_prog.o
                0x0000194e                MUART_voidSendData
 .text.MUART_voidSendString
                0x00001990       0x3e ./MCAL/UART/UART_prog.o
                0x00001990                MUART_voidSendString
 .text.MUART_voidSendIntNumber
                0x000019ce       0x62 ./MCAL/UART/UART_prog.o
                0x000019ce                MUART_voidSendIntNumber
 .text.MUART_u8ReceiveData
                0x00001a30       0x2a ./MCAL/UART/UART_prog.o
                0x00001a30                MUART_u8ReceiveData
 .text.MUART_voidReceiveString
                0x00001a5a       0x9a ./MCAL/UART/UART_prog.o
                0x00001a5a                MUART_voidReceiveString
 .text.MUART_voidReciveIntNumber
                0x00001af4       0xde ./MCAL/UART/UART_prog.o
                0x00001af4                MUART_voidReciveIntNumber
 .text.MTimer_voidInt
                0x00001bd2      0x118 ./MCAL/Timer/Timer_prog.o
                0x00001bd2                MTimer_voidInt
 .text.MTimer_voidSetDisiredTime
                0x00001cea      0x718 ./MCAL/Timer/Timer_prog.o
                0x00001cea                MTimer_voidSetDisiredTime
 .text.MTimer_voidCtcCallBack
                0x00002402       0x6e ./MCAL/Timer/Timer_prog.o
                0x00002402                MTimer_voidCtcCallBack
 .text.MTimer_voidSetPWM
                0x00002470       0x28 ./MCAL/Timer/Timer_prog.o
                0x00002470                MTimer_voidSetPWM
 .text.MTimerCalcFreqofTon
                0x00002498      0x1e2 ./MCAL/Timer/Timer_prog.o
                0x00002498                MTimerCalcFreqofTon
 .text.MTimerCalcDutyCycle
                0x0000267a      0x2fc ./MCAL/Timer/Timer_prog.o
                0x0000267a                MTimerCalcDutyCycle
 .text.MTimerCalcFreqofTtotal
                0x00002976      0x1f0 ./MCAL/Timer/Timer_prog.o
                0x00002976                MTimerCalcFreqofTtotal
 .text.CLR_COUNTER
                0x00002b66       0x30 ./MCAL/Timer/Timer_prog.o
                0x00002b66                CLR_COUNTER
 .text.MEXTI_voidInit
                0x00002b96       0x8c ./MCAL/EXIT_interrupt/EXT_INTERUPT_prog.o
                0x00002b96                MEXTI_voidInit
 .text.MINT0_voidSetCallback
                0x00002c22       0x24 ./MCAL/EXIT_interrupt/EXT_INTERUPT_prog.o
                0x00002c22                MINT0_voidSetCallback
 .text.MINT1_voidSetCallback
                0x00002c46       0x24 ./MCAL/EXIT_interrupt/EXT_INTERUPT_prog.o
                0x00002c46                MINT1_voidSetCallback
 .text.MINT2_voidSetCallback
                0x00002c6a       0x24 ./MCAL/EXIT_interrupt/EXT_INTERUPT_prog.o
                0x00002c6a                MINT2_voidSetCallback
 .text.__vector_1
                0x00002c8e       0x68 ./MCAL/EXIT_interrupt/EXT_INTERUPT_prog.o
                0x00002c8e                __vector_1
 .text.__vector_2
                0x00002cf6       0x68 ./MCAL/EXIT_interrupt/EXT_INTERUPT_prog.o
                0x00002cf6                __vector_2
 .text.__vector_3
                0x00002d5e       0x68 ./MCAL/EXIT_interrupt/EXT_INTERUPT_prog.o
                0x00002d5e                __vector_3
 .text.MDIO_voidSetPinDir
                0x00002dc6      0x176 ./MCAL/DIO/DIO_prg.o
                0x00002dc6                MDIO_voidSetPinDir
 .text.MDIO_voidSetPinVal
                0x00002f3c       0xfc ./MCAL/DIO/DIO_prg.o
                0x00002f3c                MDIO_voidSetPinVal
 .text.MDIO_u8GetPinVal
                0x00003038      0x156 ./MCAL/DIO/DIO_prg.o
                0x00003038                MDIO_u8GetPinVal
 .text.MDIO_voidSetPortVal
                0x0000318e       0x84 ./MCAL/DIO/DIO_prg.o
                0x0000318e                MDIO_voidSetPortVal
 .text.MDIO_voidSetPortDir
                0x00003212       0x84 ./MCAL/DIO/DIO_prg.o
                0x00003212                MDIO_voidSetPortDir
 .text.MDIO_u8GetPortVal
                0x00003296       0x84 ./MCAL/DIO/DIO_prg.o
                0x00003296                MDIO_u8GetPortVal
 .text.MDIO_voidClrPinVal
                0x0000331a      0x106 ./MCAL/DIO/DIO_prg.o
                0x0000331a                MDIO_voidClrPinVal
 .text.MDIO_voidClrPort
                0x00003420       0x78 ./MCAL/DIO/DIO_prg.o
                0x00003420                MDIO_voidClrPort
 .text.MDIO_voidTogPinVal
                0x00003498       0xfc ./MCAL/DIO/DIO_prg.o
                0x00003498                MDIO_voidTogPinVal
 .text.MDIO_voidTogPort
                0x00003594       0x98 ./MCAL/DIO/DIO_prg.o
                0x00003594                MDIO_voidTogPort
 .text.MDIO_voidWriteLowNibble
                0x0000362c       0xe2 ./MCAL/DIO/DIO_prg.o
                0x0000362c                MDIO_voidWriteLowNibble
 .text.MDIO_voidWriteHighNibble
                0x0000370e       0xe4 ./MCAL/DIO/DIO_prg.o
                0x0000370e                MDIO_voidWriteHighNibble
 .text.MDIO_voidConnectPullup
                0x000037f2       0x56 ./MCAL/DIO/DIO_prg.o
                0x000037f2                MDIO_voidConnectPullup
 .text.MADC_voidInt
                0x00003848       0x9a ./MCAL/ADC/ADC_prog.o
                0x00003848                MADC_voidInt
 .text.MADC_voidStartConversion
                0x000038e2      0x2da ./MCAL/ADC/ADC_prog.o
                0x000038e2                MADC_voidStartConversion
 .text.MADC_u16GetADCData
                0x00003bbc       0x16 ./MCAL/ADC/ADC_prog.o
                0x00003bbc                MADC_u16GetADCData
 .text.MADC_voidSetCallback
                0x00003bd2       0x24 ./MCAL/ADC/ADC_prog.o
                0x00003bd2                MADC_voidSetCallback
 .text.__vector_16
                0x00003bf6       0x68 ./MCAL/ADC/ADC_prog.o
                0x00003bf6                __vector_16
 .text.HUltrasonic_voidInt
                0x00003c5e       0x18 ./HAL/Ultrasonic_Sensor/Ultrasonic_prog.o
                0x00003c5e                HUltrasonic_voidInt
 .text.HUltrasonic_u16CalcDistance
                0x00003c76      0x20e ./HAL/Ultrasonic_Sensor/Ultrasonic_prog.o
                0x00003c76                HUltrasonic_u16CalcDistance
 .text.HPushBotton_voidPbInt
                0x00003e84       0x82 ./HAL/Push_button/Pb_prog.o
                0x00003e84                HPushBotton_voidPbInt
 .text.HPushBotton_u8PbStatus
                0x00003f06      0x448 ./HAL/Push_button/Pb_prog.o
                0x00003f06                HPushBotton_u8PbStatus
 .text.HLED_voidLedInitial
                0x0000434e       0xe0 ./HAL/LED/LED_prog.o
                0x0000434e                HLED_voidLedInitial
 .text.HLED_voidLedOn
                0x0000442e       0xd0 ./HAL/LED/LED_prog.o
                0x0000442e                HLED_voidLedOn
 .text.HLED_voidLedOff
                0x000044fe       0xd0 ./HAL/LED/LED_prog.o
                0x000044fe                HLED_voidLedOff
 .text.HLED_voidLedToggle
                0x000045ce       0xd0 ./HAL/LED/LED_prog.o
                0x000045ce                HLED_voidLedToggle
 .text.HLCD_voidSendCmd
                0x0000469e      0x538 ./HAL/LCD/LCD_private.o
                0x0000469e                HLCD_voidSendCmd
 .text.HLCD_voidInit
                0x00004bd6      0x696 ./HAL/LCD/LCD_prog.o
                0x00004bd6                HLCD_voidInit
 .text.HLCD_voidSendData
                0x0000526c      0x538 ./HAL/LCD/LCD_prog.o
                0x0000526c                HLCD_voidSendData
 .text.HLCD_voidDispStr
                0x000057a4       0x52 ./HAL/LCD/LCD_prog.o
                0x000057a4                HLCD_voidDispStr
 .text.HLCD_voidDispIntNum
                0x000057f6       0xa0 ./HAL/LCD/LCD_prog.o
                0x000057f6                HLCD_voidDispIntNum
 .text.HLCD_voidDispFloatNum
                0x00005896       0xfc ./HAL/LCD/LCD_prog.o
                0x00005896                HLCD_voidDispFloatNum
 .text.HLCD_voidMovCursor
                0x00005992       0x54 ./HAL/LCD/LCD_prog.o
                0x00005992                HLCD_voidMovCursor
 .text.HLCD_voidClrScreen
                0x000059e6       0x14 ./HAL/LCD/LCD_prog.o
                0x000059e6                HLCD_voidClrScreen
 .text.HLCD_voidShiftDisplayRight
                0x000059fa       0x14 ./HAL/LCD/LCD_prog.o
                0x000059fa                HLCD_voidShiftDisplayRight
 .text.HLCD_voidShiftDisplayLeft
                0x00005a0e       0x14 ./HAL/LCD/LCD_prog.o
                0x00005a0e                HLCD_voidShiftDisplayLeft
 .text.HLCD_voidDispSpecialChar
                0x00005a22       0x76 ./HAL/LCD/LCD_prog.o
                0x00005a22                HLCD_voidDispSpecialChar
 .text.HBUZZER_voidBUZZERInitial
                0x00005a98       0x18 ./HAL/Buzzer/BUZZER_prog.o
                0x00005a98                HBUZZER_voidBUZZERInitial
 .text.HBUZZER_voidBUZZEROn
                0x00005ab0       0x16 ./HAL/Buzzer/BUZZER_prog.o
                0x00005ab0                HBUZZER_voidBUZZEROn
 .text.HBUZZER_voidBUZZEROff
                0x00005ac6       0x16 ./HAL/Buzzer/BUZZER_prog.o
                0x00005ac6                HBUZZER_voidBUZZEROff
 .text.HBUZZER_voidBUZZERToggle
                0x00005adc       0x16 ./HAL/Buzzer/BUZZER_prog.o
                0x00005adc                HBUZZER_voidBUZZERToggle
 .text.main     0x00005af2      0x1aa ./main.o
                0x00005af2                main
 .text.Reseive_Uart
                0x00005c9c      0x144 ./program.o
                0x00005c9c                Reseive_Uart
 .text.Select_GearBox
                0x00005de0       0xae ./program.o
                0x00005de0                Select_GearBox
 .text.DesplayLCD
                0x00005e8e       0x5e ./program.o
                0x00005e8e                DesplayLCD
 .text.BAS_System
                0x00005eec       0x7a ./program.o
                0x00005eec                BAS_System
 .text.Ultrasonic_Action
                0x00005f66      0x26c ./program.o
                0x00005f66                Ultrasonic_Action
 .text.SL       0x000061d2       0x7e ./program.o
                0x000061d2                SL
 .text.Print_Kilometer
                0x00006250       0x42 ./program.o
                0x00006250                Print_Kilometer
 .text.CCS      0x00006292       0x7e ./program.o
                0x00006292                CCS
 .text.BAZZER   0x00006310      0x22a ./program.o
                0x00006310                BAZZER
 .text.clearCount
                0x0000653a       0x16 ./program.o
                0x0000653a                clearCount
 .text.libgcc   0x00006550       0x3e d:/downloads/imt tools/sdk/imt_sdk_win_64/imt_sdk_win_64/winavr/bin/../lib/gcc/avr/4.3.3/avr5\libgcc.a(_mulsi3.o)
                0x00006550                __mulsi3
 .text.libgcc   0x0000658e       0x28 d:/downloads/imt tools/sdk/imt_sdk_win_64/imt_sdk_win_64/winavr/bin/../lib/gcc/avr/4.3.3/avr5\libgcc.a(_udivmodhi4.o)
                0x0000658e                __udivmodhi4
 .text.libgcc   0x000065b6       0x26 d:/downloads/imt tools/sdk/imt_sdk_win_64/imt_sdk_win_64/winavr/bin/../lib/gcc/avr/4.3.3/avr5\libgcc.a(_divmodhi4.o)
                0x000065b6                __divmodhi4
                0x000065b6                _div
 .text.libgcc   0x000065dc       0x44 d:/downloads/imt tools/sdk/imt_sdk_win_64/imt_sdk_win_64/winavr/bin/../lib/gcc/avr/4.3.3/avr5\libgcc.a(_udivmodsi4.o)
                0x000065dc                __udivmodsi4
 .text.libgcc   0x00006620        0x0 d:/downloads/imt tools/sdk/imt_sdk_win_64/imt_sdk_win_64/winavr/bin/../lib/gcc/avr/4.3.3/avr5\libgcc.a(_exit.o)
 .text.libgcc   0x00006620        0x0 d:/downloads/imt tools/sdk/imt_sdk_win_64/imt_sdk_win_64/winavr/bin/../lib/gcc/avr/4.3.3/avr5\libgcc.a(_copy_data.o)
 .text.libgcc   0x00006620        0x0 d:/downloads/imt tools/sdk/imt_sdk_win_64/imt_sdk_win_64/winavr/bin/../lib/gcc/avr/4.3.3/avr5\libgcc.a(_clear_bss.o)
 .text.libgcc   0x00006620       0x38 d:/downloads/imt tools/sdk/imt_sdk_win_64/imt_sdk_win_64/winavr/bin/../lib/gcc/avr/4.3.3/avr5\libgcc.a(_prologue.o)
                0x00006620                __prologue_saves__
 .text.libgcc   0x00006658       0x36 d:/downloads/imt tools/sdk/imt_sdk_win_64/imt_sdk_win_64/winavr/bin/../lib/gcc/avr/4.3.3/avr5\libgcc.a(_epilogue.o)
                0x00006658                __epilogue_restores__
 .text.avr-libc
                0x0000668e       0x4e d:/downloads/imt tools/sdk/imt_sdk_win_64/imt_sdk_win_64/winavr/bin/../lib/gcc/avr/4.3.3/../../../../avr/lib/avr5\libc.a(atol.o)
                0x0000668e                atol
 .text.avr-libc
                0x000066dc       0x68 d:/downloads/imt tools/sdk/imt_sdk_win_64/imt_sdk_win_64/winavr/bin/../lib/gcc/avr/4.3.3/../../../../avr/lib/avr5\libc.a(ltoa.o)
                0x000066dc                ltoa
 .text.avr-libc
                0x00006744       0x2a d:/downloads/imt tools/sdk/imt_sdk_win_64/imt_sdk_win_64/winavr/bin/../lib/gcc/avr/4.3.3/../../../../avr/lib/avr5\libc.a(mulsi10.o)
                0x00006744                __mulsi_const_10
 .text.avr-libc
                0x0000676e       0x20 d:/downloads/imt tools/sdk/imt_sdk_win_64/imt_sdk_win_64/winavr/bin/../lib/gcc/avr/4.3.3/../../../../avr/lib/avr5\libc.a(strrev.o)
                0x0000676e                strrev
                0x0000678e                . = ALIGN (0x2)
 *(.fini9)
 .fini9         0x0000678e        0x0 d:/downloads/imt tools/sdk/imt_sdk_win_64/imt_sdk_win_64/winavr/bin/../lib/gcc/avr/4.3.3/avr5\libgcc.a(_exit.o)
                0x0000678e                exit
                0x0000678e                _exit
 *(.fini9)
 *(.fini8)
 *(.fini8)
 *(.fini7)
 *(.fini7)
 *(.fini6)
 *(.fini6)
 *(.fini5)
 *(.fini5)
 *(.fini4)
 *(.fini4)
 *(.fini3)
 *(.fini3)
 *(.fini2)
 *(.fini2)
 *(.fini1)
 *(.fini1)
 *(.fini0)
 .fini0         0x0000678e        0x4 d:/downloads/imt tools/sdk/imt_sdk_win_64/imt_sdk_win_64/winavr/bin/../lib/gcc/avr/4.3.3/avr5\libgcc.a(_exit.o)
 *(.fini0)
                0x00006792                _etext = .

.data           0x00800060      0x144 load address 0x00006792
                0x00800060                PROVIDE (__data_start, .)
 *(.data)
 .data          0x00800060        0x0 d:/downloads/imt tools/sdk/imt_sdk_win_64/imt_sdk_win_64/winavr/bin/../lib/gcc/avr/4.3.3/../../../../avr/lib/avr5/crtm32.o
 .data          0x00800060        0x0 ./TIMER/MCAL/TIMER0/TIMER0_Program.o
 .data          0x00800060        0x0 ./TIMER/MCAL/Global_Interrupt/Global_Interrupt_program.o
 .data          0x00800060        0x0 ./TIMER/MCAL/DIO/DIO_Program.o
 .data          0x00800060        0x0 ./MCAL/UART/UART_prog.o
 .data          0x00800060        0x0 ./MCAL/Timer/Timer_prog.o
 .data          0x00800060        0x0 ./MCAL/EXIT_interrupt/EXT_INTERUPT_prog.o
 .data          0x00800060        0x0 ./MCAL/DIO/DIO_prg.o
 .data          0x00800060        0x0 ./MCAL/ADC/ADC_prog.o
 .data          0x00800060        0x0 ./HAL/Ultrasonic_Sensor/Ultrasonic_prog.o
 .data          0x00800060        0x0 ./HAL/Push_button/Pb_prog.o
 .data          0x00800060        0x0 ./HAL/LED/LED_prog.o
 .data          0x00800060        0x0 ./HAL/LCD/LCD_private.o
 .data          0x00800060        0xe ./HAL/LCD/LCD_prog.o
 .data          0x0080006e        0x0 ./HAL/Buzzer/BUZZER_prog.o
 .data          0x0080006e        0x0 ./main.o
 .data          0x0080006e       0x26 ./program.o
 .data          0x00800094        0x0 d:/downloads/imt tools/sdk/imt_sdk_win_64/imt_sdk_win_64/winavr/bin/../lib/gcc/avr/4.3.3/avr5\libgcc.a(_mulsi3.o)
 .data          0x00800094        0x0 d:/downloads/imt tools/sdk/imt_sdk_win_64/imt_sdk_win_64/winavr/bin/../lib/gcc/avr/4.3.3/avr5\libgcc.a(_udivmodhi4.o)
 .data          0x00800094        0x0 d:/downloads/imt tools/sdk/imt_sdk_win_64/imt_sdk_win_64/winavr/bin/../lib/gcc/avr/4.3.3/avr5\libgcc.a(_divmodhi4.o)
 .data          0x00800094        0x0 d:/downloads/imt tools/sdk/imt_sdk_win_64/imt_sdk_win_64/winavr/bin/../lib/gcc/avr/4.3.3/avr5\libgcc.a(_udivmodsi4.o)
 .data          0x00800094        0x0 d:/downloads/imt tools/sdk/imt_sdk_win_64/imt_sdk_win_64/winavr/bin/../lib/gcc/avr/4.3.3/avr5\libgcc.a(_exit.o)
 .data          0x00800094        0x0 d:/downloads/imt tools/sdk/imt_sdk_win_64/imt_sdk_win_64/winavr/bin/../lib/gcc/avr/4.3.3/avr5\libgcc.a(_copy_data.o)
 .data          0x00800094        0x0 d:/downloads/imt tools/sdk/imt_sdk_win_64/imt_sdk_win_64/winavr/bin/../lib/gcc/avr/4.3.3/avr5\libgcc.a(_clear_bss.o)
 .data          0x00800094        0x0 d:/downloads/imt tools/sdk/imt_sdk_win_64/imt_sdk_win_64/winavr/bin/../lib/gcc/avr/4.3.3/avr5\libgcc.a(_fixunssfsi.o)
 .data          0x00800094        0x0 d:/downloads/imt tools/sdk/imt_sdk_win_64/imt_sdk_win_64/winavr/bin/../lib/gcc/avr/4.3.3/avr5\libgcc.a(_addsub_sf.o)
 .data          0x00800094        0x0 d:/downloads/imt tools/sdk/imt_sdk_win_64/imt_sdk_win_64/winavr/bin/../lib/gcc/avr/4.3.3/avr5\libgcc.a(_mul_sf.o)
 .data          0x00800094        0x0 d:/downloads/imt tools/sdk/imt_sdk_win_64/imt_sdk_win_64/winavr/bin/../lib/gcc/avr/4.3.3/avr5\libgcc.a(_div_sf.o)
 .data          0x00800094        0x0 d:/downloads/imt tools/sdk/imt_sdk_win_64/imt_sdk_win_64/winavr/bin/../lib/gcc/avr/4.3.3/avr5\libgcc.a(_ne_sf.o)
 .data          0x00800094        0x0 d:/downloads/imt tools/sdk/imt_sdk_win_64/imt_sdk_win_64/winavr/bin/../lib/gcc/avr/4.3.3/avr5\libgcc.a(_gt_sf.o)
 .data          0x00800094        0x0 d:/downloads/imt tools/sdk/imt_sdk_win_64/imt_sdk_win_64/winavr/bin/../lib/gcc/avr/4.3.3/avr5\libgcc.a(_ge_sf.o)
 .data          0x00800094        0x0 d:/downloads/imt tools/sdk/imt_sdk_win_64/imt_sdk_win_64/winavr/bin/../lib/gcc/avr/4.3.3/avr5\libgcc.a(_lt_sf.o)
 .data          0x00800094        0x0 d:/downloads/imt tools/sdk/imt_sdk_win_64/imt_sdk_win_64/winavr/bin/../lib/gcc/avr/4.3.3/avr5\libgcc.a(_sf_to_si.o)
 .data          0x00800094        0x8 d:/downloads/imt tools/sdk/imt_sdk_win_64/imt_sdk_win_64/winavr/bin/../lib/gcc/avr/4.3.3/avr5\libgcc.a(_thenan_sf.o)
                0x00800094                __thenan_sf
 .data          0x0080009c        0x0 d:/downloads/imt tools/sdk/imt_sdk_win_64/imt_sdk_win_64/winavr/bin/../lib/gcc/avr/4.3.3/avr5\libgcc.a(_usi_to_sf.o)
 .data          0x0080009c        0x0 d:/downloads/imt tools/sdk/imt_sdk_win_64/imt_sdk_win_64/winavr/bin/../lib/gcc/avr/4.3.3/avr5\libgcc.a(_prologue.o)
 .data          0x0080009c        0x0 d:/downloads/imt tools/sdk/imt_sdk_win_64/imt_sdk_win_64/winavr/bin/../lib/gcc/avr/4.3.3/avr5\libgcc.a(_epilogue.o)
 .data          0x0080009c        0x0 d:/downloads/imt tools/sdk/imt_sdk_win_64/imt_sdk_win_64/winavr/bin/../lib/gcc/avr/4.3.3/avr5\libgcc.a(_clzsi2.o)
 .data          0x0080009c        0x0 d:/downloads/imt tools/sdk/imt_sdk_win_64/imt_sdk_win_64/winavr/bin/../lib/gcc/avr/4.3.3/avr5\libgcc.a(_pack_sf.o)
 .data          0x0080009c        0x0 d:/downloads/imt tools/sdk/imt_sdk_win_64/imt_sdk_win_64/winavr/bin/../lib/gcc/avr/4.3.3/avr5\libgcc.a(_unpack_sf.o)
 .data          0x0080009c        0x0 d:/downloads/imt tools/sdk/imt_sdk_win_64/imt_sdk_win_64/winavr/bin/../lib/gcc/avr/4.3.3/avr5\libgcc.a(_fpcmp_parts_sf.o)
 .data          0x0080009c      0x100 d:/downloads/imt tools/sdk/imt_sdk_win_64/imt_sdk_win_64/winavr/bin/../lib/gcc/avr/4.3.3/avr5\libgcc.a(_clz.o)
                0x0080009c                __clz_tab
 .data          0x0080019c        0x0 d:/downloads/imt tools/sdk/imt_sdk_win_64/imt_sdk_win_64/winavr/bin/../lib/gcc/avr/4.3.3/../../../../avr/lib/avr5\libc.a(atol.o)
 .data          0x0080019c        0x0 d:/downloads/imt tools/sdk/imt_sdk_win_64/imt_sdk_win_64/winavr/bin/../lib/gcc/avr/4.3.3/../../../../avr/lib/avr5\libc.a(ltoa.o)
 .data          0x0080019c        0x0 d:/downloads/imt tools/sdk/imt_sdk_win_64/imt_sdk_win_64/winavr/bin/../lib/gcc/avr/4.3.3/../../../../avr/lib/avr5\libc.a(mulsi10.o)
 .data          0x0080019c        0x0 d:/downloads/imt tools/sdk/imt_sdk_win_64/imt_sdk_win_64/winavr/bin/../lib/gcc/avr/4.3.3/../../../../avr/lib/avr5\libc.a(strrev.o)
 *(.data*)
 .data.WelcomeMass
                0x0080019c        0x8 ./program.o
                0x0080019c                WelcomeMass
 *(.rodata)
 *(.rodata*)
 *(.gnu.linkonce.d*)
                0x008001a4                . = ALIGN (0x2)
                0x008001a4                _edata = .
                0x008001a4                PROVIDE (__data_end, .)

.bss            0x008001a4       0x5c
                0x008001a4                PROVIDE (__bss_start, .)
 *(.bss)
 .bss           0x008001a4        0x0 d:/downloads/imt tools/sdk/imt_sdk_win_64/imt_sdk_win_64/winavr/bin/../lib/gcc/avr/4.3.3/../../../../avr/lib/avr5/crtm32.o
 .bss           0x008001a4        0x0 ./TIMER/MCAL/TIMER0/TIMER0_Program.o
 .bss           0x008001a4        0x0 ./TIMER/MCAL/Global_Interrupt/Global_Interrupt_program.o
 .bss           0x008001a4        0x0 ./TIMER/MCAL/DIO/DIO_Program.o
 .bss           0x008001a4        0x0 ./MCAL/UART/UART_prog.o
 .bss           0x008001a4        0x0 ./MCAL/Timer/Timer_prog.o
 .bss           0x008001a4        0x0 ./MCAL/EXIT_interrupt/EXT_INTERUPT_prog.o
 .bss           0x008001a4        0x0 ./MCAL/DIO/DIO_prg.o
 .bss           0x008001a4        0x0 ./MCAL/ADC/ADC_prog.o
 .bss           0x008001a4        0x0 ./HAL/Ultrasonic_Sensor/Ultrasonic_prog.o
 .bss           0x008001a4        0x0 ./HAL/Push_button/Pb_prog.o
 .bss           0x008001a4        0x0 ./HAL/LED/LED_prog.o
 .bss           0x008001a4        0x0 ./HAL/LCD/LCD_private.o
 .bss           0x008001a4        0x0 ./HAL/LCD/LCD_prog.o
 .bss           0x008001a4        0x0 ./HAL/Buzzer/BUZZER_prog.o
 .bss           0x008001a4        0x0 ./main.o
 .bss           0x008001a4        0x0 ./program.o
 .bss           0x008001a4        0x0 d:/downloads/imt tools/sdk/imt_sdk_win_64/imt_sdk_win_64/winavr/bin/../lib/gcc/avr/4.3.3/avr5\libgcc.a(_mulsi3.o)
 .bss           0x008001a4        0x0 d:/downloads/imt tools/sdk/imt_sdk_win_64/imt_sdk_win_64/winavr/bin/../lib/gcc/avr/4.3.3/avr5\libgcc.a(_udivmodhi4.o)
 .bss           0x008001a4        0x0 d:/downloads/imt tools/sdk/imt_sdk_win_64/imt_sdk_win_64/winavr/bin/../lib/gcc/avr/4.3.3/avr5\libgcc.a(_divmodhi4.o)
 .bss           0x008001a4        0x0 d:/downloads/imt tools/sdk/imt_sdk_win_64/imt_sdk_win_64/winavr/bin/../lib/gcc/avr/4.3.3/avr5\libgcc.a(_udivmodsi4.o)
 .bss           0x008001a4        0x0 d:/downloads/imt tools/sdk/imt_sdk_win_64/imt_sdk_win_64/winavr/bin/../lib/gcc/avr/4.3.3/avr5\libgcc.a(_exit.o)
 .bss           0x008001a4        0x0 d:/downloads/imt tools/sdk/imt_sdk_win_64/imt_sdk_win_64/winavr/bin/../lib/gcc/avr/4.3.3/avr5\libgcc.a(_copy_data.o)
 .bss           0x008001a4        0x0 d:/downloads/imt tools/sdk/imt_sdk_win_64/imt_sdk_win_64/winavr/bin/../lib/gcc/avr/4.3.3/avr5\libgcc.a(_clear_bss.o)
 .bss           0x008001a4        0x0 d:/downloads/imt tools/sdk/imt_sdk_win_64/imt_sdk_win_64/winavr/bin/../lib/gcc/avr/4.3.3/avr5\libgcc.a(_fixunssfsi.o)
 .bss           0x008001a4        0x0 d:/downloads/imt tools/sdk/imt_sdk_win_64/imt_sdk_win_64/winavr/bin/../lib/gcc/avr/4.3.3/avr5\libgcc.a(_addsub_sf.o)
 .bss           0x008001a4        0x0 d:/downloads/imt tools/sdk/imt_sdk_win_64/imt_sdk_win_64/winavr/bin/../lib/gcc/avr/4.3.3/avr5\libgcc.a(_mul_sf.o)
 .bss           0x008001a4        0x0 d:/downloads/imt tools/sdk/imt_sdk_win_64/imt_sdk_win_64/winavr/bin/../lib/gcc/avr/4.3.3/avr5\libgcc.a(_div_sf.o)
 .bss           0x008001a4        0x0 d:/downloads/imt tools/sdk/imt_sdk_win_64/imt_sdk_win_64/winavr/bin/../lib/gcc/avr/4.3.3/avr5\libgcc.a(_ne_sf.o)
 .bss           0x008001a4        0x0 d:/downloads/imt tools/sdk/imt_sdk_win_64/imt_sdk_win_64/winavr/bin/../lib/gcc/avr/4.3.3/avr5\libgcc.a(_gt_sf.o)
 .bss           0x008001a4        0x0 d:/downloads/imt tools/sdk/imt_sdk_win_64/imt_sdk_win_64/winavr/bin/../lib/gcc/avr/4.3.3/avr5\libgcc.a(_ge_sf.o)
 .bss           0x008001a4        0x0 d:/downloads/imt tools/sdk/imt_sdk_win_64/imt_sdk_win_64/winavr/bin/../lib/gcc/avr/4.3.3/avr5\libgcc.a(_lt_sf.o)
 .bss           0x008001a4        0x0 d:/downloads/imt tools/sdk/imt_sdk_win_64/imt_sdk_win_64/winavr/bin/../lib/gcc/avr/4.3.3/avr5\libgcc.a(_sf_to_si.o)
 .bss           0x008001a4        0x0 d:/downloads/imt tools/sdk/imt_sdk_win_64/imt_sdk_win_64/winavr/bin/../lib/gcc/avr/4.3.3/avr5\libgcc.a(_thenan_sf.o)
 .bss           0x008001a4        0x0 d:/downloads/imt tools/sdk/imt_sdk_win_64/imt_sdk_win_64/winavr/bin/../lib/gcc/avr/4.3.3/avr5\libgcc.a(_usi_to_sf.o)
 .bss           0x008001a4        0x0 d:/downloads/imt tools/sdk/imt_sdk_win_64/imt_sdk_win_64/winavr/bin/../lib/gcc/avr/4.3.3/avr5\libgcc.a(_prologue.o)
 .bss           0x008001a4        0x0 d:/downloads/imt tools/sdk/imt_sdk_win_64/imt_sdk_win_64/winavr/bin/../lib/gcc/avr/4.3.3/avr5\libgcc.a(_epilogue.o)
 .bss           0x008001a4        0x0 d:/downloads/imt tools/sdk/imt_sdk_win_64/imt_sdk_win_64/winavr/bin/../lib/gcc/avr/4.3.3/avr5\libgcc.a(_clzsi2.o)
 .bss           0x008001a4        0x0 d:/downloads/imt tools/sdk/imt_sdk_win_64/imt_sdk_win_64/winavr/bin/../lib/gcc/avr/4.3.3/avr5\libgcc.a(_pack_sf.o)
 .bss           0x008001a4        0x0 d:/downloads/imt tools/sdk/imt_sdk_win_64/imt_sdk_win_64/winavr/bin/../lib/gcc/avr/4.3.3/avr5\libgcc.a(_unpack_sf.o)
 .bss           0x008001a4        0x0 d:/downloads/imt tools/sdk/imt_sdk_win_64/imt_sdk_win_64/winavr/bin/../lib/gcc/avr/4.3.3/avr5\libgcc.a(_fpcmp_parts_sf.o)
 .bss           0x008001a4        0x0 d:/downloads/imt tools/sdk/imt_sdk_win_64/imt_sdk_win_64/winavr/bin/../lib/gcc/avr/4.3.3/avr5\libgcc.a(_clz.o)
 .bss           0x008001a4        0x0 d:/downloads/imt tools/sdk/imt_sdk_win_64/imt_sdk_win_64/winavr/bin/../lib/gcc/avr/4.3.3/../../../../avr/lib/avr5\libc.a(atol.o)
 .bss           0x008001a4        0x0 d:/downloads/imt tools/sdk/imt_sdk_win_64/imt_sdk_win_64/winavr/bin/../lib/gcc/avr/4.3.3/../../../../avr/lib/avr5\libc.a(ltoa.o)
 .bss           0x008001a4        0x0 d:/downloads/imt tools/sdk/imt_sdk_win_64/imt_sdk_win_64/winavr/bin/../lib/gcc/avr/4.3.3/../../../../avr/lib/avr5\libc.a(mulsi10.o)
 .bss           0x008001a4        0x0 d:/downloads/imt tools/sdk/imt_sdk_win_64/imt_sdk_win_64/winavr/bin/../lib/gcc/avr/4.3.3/../../../../avr/lib/avr5\libc.a(strrev.o)
 *(.bss*)
 .bss.OVF_GPCALLBACK_PTR
                0x008001a4        0x2 ./TIMER/MCAL/TIMER0/TIMER0_Program.o
 .bss.OCM_GPCALLBACK_PTR
                0x008001a6        0x2 ./TIMER/MCAL/TIMER0/TIMER0_Program.o
 .bss.G_u32Timer0IntervalCount
                0x008001a8        0x4 ./MCAL/Timer/Timer_prog.o
                0x008001a8                G_u32Timer0IntervalCount
 .bss.G_u32Timer0IntervalCtcCount
                0x008001ac        0x4 ./MCAL/Timer/Timer_prog.o
                0x008001ac                G_u32Timer0IntervalCtcCount
 .bss.G_u32Timer2IntervalCount
                0x008001b0        0x4 ./MCAL/Timer/Timer_prog.o
                0x008001b0                G_u32Timer2IntervalCount
 .bss.G_u32Timer2IntervalCtcCount
                0x008001b4        0x4 ./MCAL/Timer/Timer_prog.o
                0x008001b4                G_u32Timer2IntervalCtcCount
 .bss.G_u32Timer1IntervalCtcACount
                0x008001b8        0x4 ./MCAL/Timer/Timer_prog.o
                0x008001b8                G_u32Timer1IntervalCtcACount
 .bss.G_u32Timer1IntervalCtcBCount
                0x008001bc        0x4 ./MCAL/Timer/Timer_prog.o
                0x008001bc                G_u32Timer1IntervalCtcBCount
 .bss.G_u32Timer1IntervalCount
                0x008001c0        0x4 ./MCAL/Timer/Timer_prog.o
                0x008001c0                G_u32Timer1IntervalCount
 .bss.G_u32OverFlowCounts
                0x008001c4        0x4 ./MCAL/Timer/Timer_prog.o
                0x008001c4                G_u32OverFlowCounts
 .bss.G_u32CountsForFirstRising
                0x008001c8        0x4 ./MCAL/Timer/Timer_prog.o
 .bss.G_u32CountsForFirstFaling
                0x008001cc        0x4 ./MCAL/Timer/Timer_prog.o
 .bss.G_u32CountsForSecondRising
                0x008001d0        0x4 ./MCAL/Timer/Timer_prog.o
 .bss.G_u32FrequancyOfTimeOn
                0x008001d4        0x4 ./MCAL/Timer/Timer_prog.o
 .bss.G_u32FrequancyOfTimeTotal
                0x008001d8        0x4 ./MCAL/Timer/Timer_prog.o
 .bss.LS_u32Counter
                0x008001dc        0x4 ./MCAL/Timer/Timer_prog.o
 .bss.Timer0_Overflow_CallBack
                0x008001e0        0x2 ./MCAL/Timer/Timer_prog.o
 .bss.Timer1_Overflow_CallBack
                0x008001e2        0x2 ./MCAL/Timer/Timer_prog.o
 .bss.Timer2_Overflow_CallBack
                0x008001e4        0x2 ./MCAL/Timer/Timer_prog.o
 .bss.Timer0_CTC_CallBack
                0x008001e6        0x2 ./MCAL/Timer/Timer_prog.o
 .bss.Timer2_CTC_CallBack
                0x008001e8        0x2 ./MCAL/Timer/Timer_prog.o
 .bss.Timer1_CTC_A_CallBack
                0x008001ea        0x2 ./MCAL/Timer/Timer_prog.o
 .bss.Timer1_CTC_B_CallBack
                0x008001ec        0x2 ./MCAL/Timer/Timer_prog.o
 .bss.L_u16PreloadValue
                0x008001ee        0x2 ./MCAL/Timer/Timer_prog.o
 .bss.INT0_CallBack
                0x008001f0        0x2 ./MCAL/EXIT_interrupt/EXT_INTERUPT_prog.o
 .bss.INT1_CallBack
                0x008001f2        0x2 ./MCAL/EXIT_interrupt/EXT_INTERUPT_prog.o
 .bss.INT2_CallBack
                0x008001f4        0x2 ./MCAL/EXIT_interrupt/EXT_INTERUPT_prog.o
 .bss.Select    0x008001f6        0x1 ./program.o
 .bss.flag      0x008001f7        0x1 ./program.o
 .bss.Counts    0x008001f8        0x2 ./program.o
 .bss.change.1420
                0x008001fa        0x1 ./program.o
 .bss.Change.1473
                0x008001fb        0x1 ./program.o
 .bss.CHange.1500
                0x008001fc        0x1 ./program.o
 *(COMMON)
 COMMON         0x008001fd        0x1 ./MCAL/Timer/Timer_prog.o
                0x008001fd                G_u8Timer2Flag
 COMMON         0x008001fe        0x2 ./MCAL/ADC/ADC_prog.o
                0x008001fe                ADC_Callback
                0x00800200                PROVIDE (__bss_end, .)
                0x00006792                __data_load_start = LOADADDR (.data)
                0x000068d6                __data_load_end = (__data_load_start + SIZEOF (.data))

.noinit         0x00800200        0x0
                0x00800200                PROVIDE (__noinit_start, .)
 *(.noinit*)
                0x00800200                PROVIDE (__noinit_end, .)
                0x00800200                _end = .
                0x00800200                PROVIDE (__heap_start, .)

.eeprom         0x00810000        0x0
 *(.eeprom*)
                0x00810000                __eeprom_end = .

.fuse
 *(.fuse)
 *(.lfuse)
 *(.hfuse)
 *(.efuse)

.lock
 *(.lock*)

.signature
 *(.signature*)

.stab           0x00000000     0x5f64
 *(.stab)
 .stab          0x00000000      0x408 ./TIMER/MCAL/TIMER0/TIMER0_Program.o
 .stab          0x00000408      0x1bc ./TIMER/MCAL/Global_Interrupt/Global_Interrupt_program.o
                                0x1c8 (size before relaxing)
 .stab          0x000005c4      0x528 ./TIMER/MCAL/DIO/DIO_Program.o
                                0x534 (size before relaxing)
 .stab          0x00000aec      0x750 ./MCAL/UART/UART_prog.o
                                0x75c (size before relaxing)
 .stab          0x0000123c      0xbe8 ./MCAL/Timer/Timer_prog.o
                                0xbf4 (size before relaxing)
 .stab          0x00001e24      0x36c ./MCAL/EXIT_interrupt/EXT_INTERUPT_prog.o
                                0x378 (size before relaxing)
 .stab          0x00002190      0x81c ./MCAL/DIO/DIO_prg.o
                                0x828 (size before relaxing)
 .stab          0x000029ac      0x4c8 ./MCAL/ADC/ADC_prog.o
                                0x4d4 (size before relaxing)
 .stab          0x00002e74      0x378 ./HAL/Ultrasonic_Sensor/Ultrasonic_prog.o
                                0x510 (size before relaxing)
 .stab          0x000031ec      0x5ac ./HAL/Push_button/Pb_prog.o
                                0x744 (size before relaxing)
 .stab          0x00003798      0x3c0 ./HAL/LED/LED_prog.o
                                0x3cc (size before relaxing)
 .stab          0x00003b58      0x594 ./HAL/LCD/LCD_private.o
                                0x72c (size before relaxing)
 .stab          0x000040ec      0xe28 ./HAL/LCD/LCD_prog.o
                               0x1080 (size before relaxing)
 .stab          0x00004f14      0x210 ./HAL/Buzzer/BUZZER_prog.o
                                0x21c (size before relaxing)
 .stab          0x00005124      0x378 ./main.o
                                0x510 (size before relaxing)
 .stab          0x0000549c      0xac8 ./program.o
                                0xccc (size before relaxing)

.stabstr        0x00000000     0x200f
 *(.stabstr)
 .stabstr       0x00000000     0x200f ./TIMER/MCAL/TIMER0/TIMER0_Program.o

.stab.excl
 *(.stab.excl)

.stab.exclstr
 *(.stab.exclstr)

.stab.index
 *(.stab.index)

.stab.indexstr
 *(.stab.indexstr)

.comment
 *(.comment)

.debug
 *(.debug)

.line
 *(.line)

.debug_srcinfo
 *(.debug_srcinfo)

.debug_sfnames
 *(.debug_sfnames)

.debug_aranges  0x00000000      0x1c0
 *(.debug_aranges)
 .debug_aranges
                0x00000000       0x20 d:/downloads/imt tools/sdk/imt_sdk_win_64/imt_sdk_win_64/winavr/bin/../lib/gcc/avr/4.3.3/avr5\libgcc.a(_fixunssfsi.o)
 .debug_aranges
                0x00000020       0x20 d:/downloads/imt tools/sdk/imt_sdk_win_64/imt_sdk_win_64/winavr/bin/../lib/gcc/avr/4.3.3/avr5\libgcc.a(_addsub_sf.o)
 .debug_aranges
                0x00000040       0x20 d:/downloads/imt tools/sdk/imt_sdk_win_64/imt_sdk_win_64/winavr/bin/../lib/gcc/avr/4.3.3/avr5\libgcc.a(_mul_sf.o)
 .debug_aranges
                0x00000060       0x20 d:/downloads/imt tools/sdk/imt_sdk_win_64/imt_sdk_win_64/winavr/bin/../lib/gcc/avr/4.3.3/avr5\libgcc.a(_div_sf.o)
 .debug_aranges
                0x00000080       0x20 d:/downloads/imt tools/sdk/imt_sdk_win_64/imt_sdk_win_64/winavr/bin/../lib/gcc/avr/4.3.3/avr5\libgcc.a(_ne_sf.o)
 .debug_aranges
                0x000000a0       0x20 d:/downloads/imt tools/sdk/imt_sdk_win_64/imt_sdk_win_64/winavr/bin/../lib/gcc/avr/4.3.3/avr5\libgcc.a(_gt_sf.o)
 .debug_aranges
                0x000000c0       0x20 d:/downloads/imt tools/sdk/imt_sdk_win_64/imt_sdk_win_64/winavr/bin/../lib/gcc/avr/4.3.3/avr5\libgcc.a(_ge_sf.o)
 .debug_aranges
                0x000000e0       0x20 d:/downloads/imt tools/sdk/imt_sdk_win_64/imt_sdk_win_64/winavr/bin/../lib/gcc/avr/4.3.3/avr5\libgcc.a(_lt_sf.o)
 .debug_aranges
                0x00000100       0x20 d:/downloads/imt tools/sdk/imt_sdk_win_64/imt_sdk_win_64/winavr/bin/../lib/gcc/avr/4.3.3/avr5\libgcc.a(_sf_to_si.o)
 .debug_aranges
                0x00000120       0x20 d:/downloads/imt tools/sdk/imt_sdk_win_64/imt_sdk_win_64/winavr/bin/../lib/gcc/avr/4.3.3/avr5\libgcc.a(_usi_to_sf.o)
 .debug_aranges
                0x00000140       0x20 d:/downloads/imt tools/sdk/imt_sdk_win_64/imt_sdk_win_64/winavr/bin/../lib/gcc/avr/4.3.3/avr5\libgcc.a(_clzsi2.o)
 .debug_aranges
                0x00000160       0x20 d:/downloads/imt tools/sdk/imt_sdk_win_64/imt_sdk_win_64/winavr/bin/../lib/gcc/avr/4.3.3/avr5\libgcc.a(_pack_sf.o)
 .debug_aranges
                0x00000180       0x20 d:/downloads/imt tools/sdk/imt_sdk_win_64/imt_sdk_win_64/winavr/bin/../lib/gcc/avr/4.3.3/avr5\libgcc.a(_unpack_sf.o)
 .debug_aranges
                0x000001a0       0x20 d:/downloads/imt tools/sdk/imt_sdk_win_64/imt_sdk_win_64/winavr/bin/../lib/gcc/avr/4.3.3/avr5\libgcc.a(_fpcmp_parts_sf.o)

.debug_pubnames
                0x00000000      0x210
 *(.debug_pubnames)
 .debug_pubnames
                0x00000000       0x23 d:/downloads/imt tools/sdk/imt_sdk_win_64/imt_sdk_win_64/winavr/bin/../lib/gcc/avr/4.3.3/avr5\libgcc.a(_fixunssfsi.o)
 .debug_pubnames
                0x00000023       0x2c d:/downloads/imt tools/sdk/imt_sdk_win_64/imt_sdk_win_64/winavr/bin/../lib/gcc/avr/4.3.3/avr5\libgcc.a(_addsub_sf.o)
 .debug_pubnames
                0x0000004f       0x1f d:/downloads/imt tools/sdk/imt_sdk_win_64/imt_sdk_win_64/winavr/bin/../lib/gcc/avr/4.3.3/avr5\libgcc.a(_mul_sf.o)
 .debug_pubnames
                0x0000006e       0x1f d:/downloads/imt tools/sdk/imt_sdk_win_64/imt_sdk_win_64/winavr/bin/../lib/gcc/avr/4.3.3/avr5\libgcc.a(_div_sf.o)
 .debug_pubnames
                0x0000008d       0x1e d:/downloads/imt tools/sdk/imt_sdk_win_64/imt_sdk_win_64/winavr/bin/../lib/gcc/avr/4.3.3/avr5\libgcc.a(_ne_sf.o)
 .debug_pubnames
                0x000000ab       0x1e d:/downloads/imt tools/sdk/imt_sdk_win_64/imt_sdk_win_64/winavr/bin/../lib/gcc/avr/4.3.3/avr5\libgcc.a(_gt_sf.o)
 .debug_pubnames
                0x000000c9       0x1e d:/downloads/imt tools/sdk/imt_sdk_win_64/imt_sdk_win_64/winavr/bin/../lib/gcc/avr/4.3.3/avr5\libgcc.a(_ge_sf.o)
 .debug_pubnames
                0x000000e7       0x1e d:/downloads/imt tools/sdk/imt_sdk_win_64/imt_sdk_win_64/winavr/bin/../lib/gcc/avr/4.3.3/avr5\libgcc.a(_lt_sf.o)
 .debug_pubnames
                0x00000105       0x20 d:/downloads/imt tools/sdk/imt_sdk_win_64/imt_sdk_win_64/winavr/bin/../lib/gcc/avr/4.3.3/avr5\libgcc.a(_sf_to_si.o)
 .debug_pubnames
                0x00000125       0x22 d:/downloads/imt tools/sdk/imt_sdk_win_64/imt_sdk_win_64/winavr/bin/../lib/gcc/avr/4.3.3/avr5\libgcc.a(_thenan_sf.o)
 .debug_pubnames
                0x00000147       0x24 d:/downloads/imt tools/sdk/imt_sdk_win_64/imt_sdk_win_64/winavr/bin/../lib/gcc/avr/4.3.3/avr5\libgcc.a(_usi_to_sf.o)
 .debug_pubnames
                0x0000016b       0x1f d:/downloads/imt tools/sdk/imt_sdk_win_64/imt_sdk_win_64/winavr/bin/../lib/gcc/avr/4.3.3/avr5\libgcc.a(_clzsi2.o)
 .debug_pubnames
                0x0000018a       0x1f d:/downloads/imt tools/sdk/imt_sdk_win_64/imt_sdk_win_64/winavr/bin/../lib/gcc/avr/4.3.3/avr5\libgcc.a(_pack_sf.o)
 .debug_pubnames
                0x000001a9       0x21 d:/downloads/imt tools/sdk/imt_sdk_win_64/imt_sdk_win_64/winavr/bin/../lib/gcc/avr/4.3.3/avr5\libgcc.a(_unpack_sf.o)
 .debug_pubnames
                0x000001ca       0x26 d:/downloads/imt tools/sdk/imt_sdk_win_64/imt_sdk_win_64/winavr/bin/../lib/gcc/avr/4.3.3/avr5\libgcc.a(_fpcmp_parts_sf.o)
 .debug_pubnames
                0x000001f0       0x20 d:/downloads/imt tools/sdk/imt_sdk_win_64/imt_sdk_win_64/winavr/bin/../lib/gcc/avr/4.3.3/avr5\libgcc.a(_clz.o)

.debug_info     0x00000000     0x268a
 *(.debug_info)
 .debug_info    0x00000000       0xb1 d:/downloads/imt tools/sdk/imt_sdk_win_64/imt_sdk_win_64/winavr/bin/../lib/gcc/avr/4.3.3/avr5\libgcc.a(_fixunssfsi.o)
 .debug_info    0x000000b1      0x47a d:/downloads/imt tools/sdk/imt_sdk_win_64/imt_sdk_win_64/winavr/bin/../lib/gcc/avr/4.3.3/avr5\libgcc.a(_addsub_sf.o)
 .debug_info    0x0000052b      0x485 d:/downloads/imt tools/sdk/imt_sdk_win_64/imt_sdk_win_64/winavr/bin/../lib/gcc/avr/4.3.3/avr5\libgcc.a(_mul_sf.o)
 .debug_info    0x000009b0      0x3fc d:/downloads/imt tools/sdk/imt_sdk_win_64/imt_sdk_win_64/winavr/bin/../lib/gcc/avr/4.3.3/avr5\libgcc.a(_div_sf.o)
 .debug_info    0x00000dac      0x27f d:/downloads/imt tools/sdk/imt_sdk_win_64/imt_sdk_win_64/winavr/bin/../lib/gcc/avr/4.3.3/avr5\libgcc.a(_ne_sf.o)
 .debug_info    0x0000102b      0x27f d:/downloads/imt tools/sdk/imt_sdk_win_64/imt_sdk_win_64/winavr/bin/../lib/gcc/avr/4.3.3/avr5\libgcc.a(_gt_sf.o)
 .debug_info    0x000012aa      0x27f d:/downloads/imt tools/sdk/imt_sdk_win_64/imt_sdk_win_64/winavr/bin/../lib/gcc/avr/4.3.3/avr5\libgcc.a(_ge_sf.o)
 .debug_info    0x00001529      0x27f d:/downloads/imt tools/sdk/imt_sdk_win_64/imt_sdk_win_64/winavr/bin/../lib/gcc/avr/4.3.3/avr5\libgcc.a(_lt_sf.o)
 .debug_info    0x000017a8      0x2b0 d:/downloads/imt tools/sdk/imt_sdk_win_64/imt_sdk_win_64/winavr/bin/../lib/gcc/avr/4.3.3/avr5\libgcc.a(_sf_to_si.o)
 .debug_info    0x00001a58      0x12c d:/downloads/imt tools/sdk/imt_sdk_win_64/imt_sdk_win_64/winavr/bin/../lib/gcc/avr/4.3.3/avr5\libgcc.a(_thenan_sf.o)
 .debug_info    0x00001b84      0x206 d:/downloads/imt tools/sdk/imt_sdk_win_64/imt_sdk_win_64/winavr/bin/../lib/gcc/avr/4.3.3/avr5\libgcc.a(_usi_to_sf.o)
 .debug_info    0x00001d8a      0x117 d:/downloads/imt tools/sdk/imt_sdk_win_64/imt_sdk_win_64/winavr/bin/../lib/gcc/avr/4.3.3/avr5\libgcc.a(_clzsi2.o)
 .debug_info    0x00001ea1      0x2df d:/downloads/imt tools/sdk/imt_sdk_win_64/imt_sdk_win_64/winavr/bin/../lib/gcc/avr/4.3.3/avr5\libgcc.a(_pack_sf.o)
 .debug_info    0x00002180      0x251 d:/downloads/imt tools/sdk/imt_sdk_win_64/imt_sdk_win_64/winavr/bin/../lib/gcc/avr/4.3.3/avr5\libgcc.a(_unpack_sf.o)
 .debug_info    0x000023d1      0x210 d:/downloads/imt tools/sdk/imt_sdk_win_64/imt_sdk_win_64/winavr/bin/../lib/gcc/avr/4.3.3/avr5\libgcc.a(_fpcmp_parts_sf.o)
 .debug_info    0x000025e1       0xa9 d:/downloads/imt tools/sdk/imt_sdk_win_64/imt_sdk_win_64/winavr/bin/../lib/gcc/avr/4.3.3/avr5\libgcc.a(_clz.o)
 *(.gnu.linkonce.wi.*)

.debug_abbrev   0x00000000     0x14e0
 *(.debug_abbrev)
 .debug_abbrev  0x00000000       0x5d d:/downloads/imt tools/sdk/imt_sdk_win_64/imt_sdk_win_64/winavr/bin/../lib/gcc/avr/4.3.3/avr5\libgcc.a(_fixunssfsi.o)
 .debug_abbrev  0x0000005d      0x1ea d:/downloads/imt tools/sdk/imt_sdk_win_64/imt_sdk_win_64/winavr/bin/../lib/gcc/avr/4.3.3/avr5\libgcc.a(_addsub_sf.o)
 .debug_abbrev  0x00000247      0x21b d:/downloads/imt tools/sdk/imt_sdk_win_64/imt_sdk_win_64/winavr/bin/../lib/gcc/avr/4.3.3/avr5\libgcc.a(_mul_sf.o)
 .debug_abbrev  0x00000462      0x216 d:/downloads/imt tools/sdk/imt_sdk_win_64/imt_sdk_win_64/winavr/bin/../lib/gcc/avr/4.3.3/avr5\libgcc.a(_div_sf.o)
 .debug_abbrev  0x00000678      0x15a d:/downloads/imt tools/sdk/imt_sdk_win_64/imt_sdk_win_64/winavr/bin/../lib/gcc/avr/4.3.3/avr5\libgcc.a(_ne_sf.o)
 .debug_abbrev  0x000007d2      0x15a d:/downloads/imt tools/sdk/imt_sdk_win_64/imt_sdk_win_64/winavr/bin/../lib/gcc/avr/4.3.3/avr5\libgcc.a(_gt_sf.o)
 .debug_abbrev  0x0000092c      0x15a d:/downloads/imt tools/sdk/imt_sdk_win_64/imt_sdk_win_64/winavr/bin/../lib/gcc/avr/4.3.3/avr5\libgcc.a(_ge_sf.o)
 .debug_abbrev  0x00000a86      0x15a d:/downloads/imt tools/sdk/imt_sdk_win_64/imt_sdk_win_64/winavr/bin/../lib/gcc/avr/4.3.3/avr5\libgcc.a(_lt_sf.o)
 .debug_abbrev  0x00000be0      0x17f d:/downloads/imt tools/sdk/imt_sdk_win_64/imt_sdk_win_64/winavr/bin/../lib/gcc/avr/4.3.3/avr5\libgcc.a(_sf_to_si.o)
 .debug_abbrev  0x00000d5f       0xad d:/downloads/imt tools/sdk/imt_sdk_win_64/imt_sdk_win_64/winavr/bin/../lib/gcc/avr/4.3.3/avr5\libgcc.a(_thenan_sf.o)
 .debug_abbrev  0x00000e0c      0x157 d:/downloads/imt tools/sdk/imt_sdk_win_64/imt_sdk_win_64/winavr/bin/../lib/gcc/avr/4.3.3/avr5\libgcc.a(_usi_to_sf.o)
 .debug_abbrev  0x00000f63       0xc4 d:/downloads/imt tools/sdk/imt_sdk_win_64/imt_sdk_win_64/winavr/bin/../lib/gcc/avr/4.3.3/avr5\libgcc.a(_clzsi2.o)
 .debug_abbrev  0x00001027      0x1c0 d:/downloads/imt tools/sdk/imt_sdk_win_64/imt_sdk_win_64/winavr/bin/../lib/gcc/avr/4.3.3/avr5\libgcc.a(_pack_sf.o)
 .debug_abbrev  0x000011e7      0x154 d:/downloads/imt tools/sdk/imt_sdk_win_64/imt_sdk_win_64/winavr/bin/../lib/gcc/avr/4.3.3/avr5\libgcc.a(_unpack_sf.o)
 .debug_abbrev  0x0000133b      0x13b d:/downloads/imt tools/sdk/imt_sdk_win_64/imt_sdk_win_64/winavr/bin/../lib/gcc/avr/4.3.3/avr5\libgcc.a(_fpcmp_parts_sf.o)
 .debug_abbrev  0x00001476       0x6a d:/downloads/imt tools/sdk/imt_sdk_win_64/imt_sdk_win_64/winavr/bin/../lib/gcc/avr/4.3.3/avr5\libgcc.a(_clz.o)

.debug_line     0x00000000     0x12a9
 *(.debug_line)
 .debug_line    0x00000000       0xa7 d:/downloads/imt tools/sdk/imt_sdk_win_64/imt_sdk_win_64/winavr/bin/../lib/gcc/avr/4.3.3/avr5\libgcc.a(_fixunssfsi.o)
 .debug_line    0x000000a7      0x2af d:/downloads/imt tools/sdk/imt_sdk_win_64/imt_sdk_win_64/winavr/bin/../lib/gcc/avr/4.3.3/avr5\libgcc.a(_addsub_sf.o)
 .debug_line    0x00000356      0x239 d:/downloads/imt tools/sdk/imt_sdk_win_64/imt_sdk_win_64/winavr/bin/../lib/gcc/avr/4.3.3/avr5\libgcc.a(_mul_sf.o)
 .debug_line    0x0000058f      0x1d5 d:/downloads/imt tools/sdk/imt_sdk_win_64/imt_sdk_win_64/winavr/bin/../lib/gcc/avr/4.3.3/avr5\libgcc.a(_div_sf.o)
 .debug_line    0x00000764       0xd3 d:/downloads/imt tools/sdk/imt_sdk_win_64/imt_sdk_win_64/winavr/bin/../lib/gcc/avr/4.3.3/avr5\libgcc.a(_ne_sf.o)
 .debug_line    0x00000837       0xd3 d:/downloads/imt tools/sdk/imt_sdk_win_64/imt_sdk_win_64/winavr/bin/../lib/gcc/avr/4.3.3/avr5\libgcc.a(_gt_sf.o)
 .debug_line    0x0000090a       0xd3 d:/downloads/imt tools/sdk/imt_sdk_win_64/imt_sdk_win_64/winavr/bin/../lib/gcc/avr/4.3.3/avr5\libgcc.a(_ge_sf.o)
 .debug_line    0x000009dd       0xd3 d:/downloads/imt tools/sdk/imt_sdk_win_64/imt_sdk_win_64/winavr/bin/../lib/gcc/avr/4.3.3/avr5\libgcc.a(_lt_sf.o)
 .debug_line    0x00000ab0      0x109 d:/downloads/imt tools/sdk/imt_sdk_win_64/imt_sdk_win_64/winavr/bin/../lib/gcc/avr/4.3.3/avr5\libgcc.a(_sf_to_si.o)
 .debug_line    0x00000bb9       0x90 d:/downloads/imt tools/sdk/imt_sdk_win_64/imt_sdk_win_64/winavr/bin/../lib/gcc/avr/4.3.3/avr5\libgcc.a(_thenan_sf.o)
 .debug_line    0x00000c49      0x133 d:/downloads/imt tools/sdk/imt_sdk_win_64/imt_sdk_win_64/winavr/bin/../lib/gcc/avr/4.3.3/avr5\libgcc.a(_usi_to_sf.o)
 .debug_line    0x00000d7c       0xa5 d:/downloads/imt tools/sdk/imt_sdk_win_64/imt_sdk_win_64/winavr/bin/../lib/gcc/avr/4.3.3/avr5\libgcc.a(_clzsi2.o)
 .debug_line    0x00000e21      0x18a d:/downloads/imt tools/sdk/imt_sdk_win_64/imt_sdk_win_64/winavr/bin/../lib/gcc/avr/4.3.3/avr5\libgcc.a(_pack_sf.o)
 .debug_line    0x00000fab      0x14b d:/downloads/imt tools/sdk/imt_sdk_win_64/imt_sdk_win_64/winavr/bin/../lib/gcc/avr/4.3.3/avr5\libgcc.a(_unpack_sf.o)
 .debug_line    0x000010f6      0x137 d:/downloads/imt tools/sdk/imt_sdk_win_64/imt_sdk_win_64/winavr/bin/../lib/gcc/avr/4.3.3/avr5\libgcc.a(_fpcmp_parts_sf.o)
 .debug_line    0x0000122d       0x7c d:/downloads/imt tools/sdk/imt_sdk_win_64/imt_sdk_win_64/winavr/bin/../lib/gcc/avr/4.3.3/avr5\libgcc.a(_clz.o)

.debug_frame    0x00000000      0x1e0
 *(.debug_frame)
 .debug_frame   0x00000000       0x20 d:/downloads/imt tools/sdk/imt_sdk_win_64/imt_sdk_win_64/winavr/bin/../lib/gcc/avr/4.3.3/avr5\libgcc.a(_fixunssfsi.o)
 .debug_frame   0x00000020       0x40 d:/downloads/imt tools/sdk/imt_sdk_win_64/imt_sdk_win_64/winavr/bin/../lib/gcc/avr/4.3.3/avr5\libgcc.a(_addsub_sf.o)
 .debug_frame   0x00000060       0x20 d:/downloads/imt tools/sdk/imt_sdk_win_64/imt_sdk_win_64/winavr/bin/../lib/gcc/avr/4.3.3/avr5\libgcc.a(_mul_sf.o)
 .debug_frame   0x00000080       0x20 d:/downloads/imt tools/sdk/imt_sdk_win_64/imt_sdk_win_64/winavr/bin/../lib/gcc/avr/4.3.3/avr5\libgcc.a(_div_sf.o)
 .debug_frame   0x000000a0       0x20 d:/downloads/imt tools/sdk/imt_sdk_win_64/imt_sdk_win_64/winavr/bin/../lib/gcc/avr/4.3.3/avr5\libgcc.a(_ne_sf.o)
 .debug_frame   0x000000c0       0x20 d:/downloads/imt tools/sdk/imt_sdk_win_64/imt_sdk_win_64/winavr/bin/../lib/gcc/avr/4.3.3/avr5\libgcc.a(_gt_sf.o)
 .debug_frame   0x000000e0       0x20 d:/downloads/imt tools/sdk/imt_sdk_win_64/imt_sdk_win_64/winavr/bin/../lib/gcc/avr/4.3.3/avr5\libgcc.a(_ge_sf.o)
 .debug_frame   0x00000100       0x20 d:/downloads/imt tools/sdk/imt_sdk_win_64/imt_sdk_win_64/winavr/bin/../lib/gcc/avr/4.3.3/avr5\libgcc.a(_lt_sf.o)
 .debug_frame   0x00000120       0x20 d:/downloads/imt tools/sdk/imt_sdk_win_64/imt_sdk_win_64/winavr/bin/../lib/gcc/avr/4.3.3/avr5\libgcc.a(_sf_to_si.o)
 .debug_frame   0x00000140       0x20 d:/downloads/imt tools/sdk/imt_sdk_win_64/imt_sdk_win_64/winavr/bin/../lib/gcc/avr/4.3.3/avr5\libgcc.a(_usi_to_sf.o)
 .debug_frame   0x00000160       0x20 d:/downloads/imt tools/sdk/imt_sdk_win_64/imt_sdk_win_64/winavr/bin/../lib/gcc/avr/4.3.3/avr5\libgcc.a(_clzsi2.o)
 .debug_frame   0x00000180       0x20 d:/downloads/imt tools/sdk/imt_sdk_win_64/imt_sdk_win_64/winavr/bin/../lib/gcc/avr/4.3.3/avr5\libgcc.a(_pack_sf.o)
 .debug_frame   0x000001a0       0x20 d:/downloads/imt tools/sdk/imt_sdk_win_64/imt_sdk_win_64/winavr/bin/../lib/gcc/avr/4.3.3/avr5\libgcc.a(_unpack_sf.o)
 .debug_frame   0x000001c0       0x20 d:/downloads/imt tools/sdk/imt_sdk_win_64/imt_sdk_win_64/winavr/bin/../lib/gcc/avr/4.3.3/avr5\libgcc.a(_fpcmp_parts_sf.o)

.debug_str      0x00000000      0x2fe
 *(.debug_str)
 .debug_str     0x00000000       0xbf d:/downloads/imt tools/sdk/imt_sdk_win_64/imt_sdk_win_64/winavr/bin/../lib/gcc/avr/4.3.3/avr5\libgcc.a(_fixunssfsi.o)
                                 0xfe (size before relaxing)
 .debug_str     0x000000bf      0x14d d:/downloads/imt tools/sdk/imt_sdk_win_64/imt_sdk_win_64/winavr/bin/../lib/gcc/avr/4.3.3/avr5\libgcc.a(_addsub_sf.o)
                                0x206 (size before relaxing)
 .debug_str     0x0000020c       0x27 d:/downloads/imt tools/sdk/imt_sdk_win_64/imt_sdk_win_64/winavr/bin/../lib/gcc/avr/4.3.3/avr5\libgcc.a(_mul_sf.o)
                                0x1bf (size before relaxing)
 .debug_str     0x00000233       0x35 d:/downloads/imt tools/sdk/imt_sdk_win_64/imt_sdk_win_64/winavr/bin/../lib/gcc/avr/4.3.3/avr5\libgcc.a(_div_sf.o)
                                0x1c8 (size before relaxing)
 .debug_str     0x00000268        0x8 d:/downloads/imt tools/sdk/imt_sdk_win_64/imt_sdk_win_64/winavr/bin/../lib/gcc/avr/4.3.3/avr5\libgcc.a(_ne_sf.o)
                                0x195 (size before relaxing)
 .debug_str     0x00000270        0x8 d:/downloads/imt tools/sdk/imt_sdk_win_64/imt_sdk_win_64/winavr/bin/../lib/gcc/avr/4.3.3/avr5\libgcc.a(_gt_sf.o)
                                0x195 (size before relaxing)
 .debug_str     0x00000278        0x8 d:/downloads/imt tools/sdk/imt_sdk_win_64/imt_sdk_win_64/winavr/bin/../lib/gcc/avr/4.3.3/avr5\libgcc.a(_ge_sf.o)
                                0x195 (size before relaxing)
 .debug_str     0x00000280        0x8 d:/downloads/imt tools/sdk/imt_sdk_win_64/imt_sdk_win_64/winavr/bin/../lib/gcc/avr/4.3.3/avr5\libgcc.a(_lt_sf.o)
                                0x195 (size before relaxing)
 .debug_str     0x00000288        0xa d:/downloads/imt tools/sdk/imt_sdk_win_64/imt_sdk_win_64/winavr/bin/../lib/gcc/avr/4.3.3/avr5\libgcc.a(_sf_to_si.o)
                                0x19e (size before relaxing)
 .debug_str     0x00000000      0x103 d:/downloads/imt tools/sdk/imt_sdk_win_64/imt_sdk_win_64/winavr/bin/../lib/gcc/avr/4.3.3/avr5\libgcc.a(_thenan_sf.o)
 .debug_str     0x00000292       0x21 d:/downloads/imt tools/sdk/imt_sdk_win_64/imt_sdk_win_64/winavr/bin/../lib/gcc/avr/4.3.3/avr5\libgcc.a(_usi_to_sf.o)
                                0x177 (size before relaxing)
 .debug_str     0x000002b3       0x20 d:/downloads/imt tools/sdk/imt_sdk_win_64/imt_sdk_win_64/winavr/bin/../lib/gcc/avr/4.3.3/avr5\libgcc.a(_clzsi2.o)
                                0x111 (size before relaxing)
 .debug_str     0x000002d3       0x10 d:/downloads/imt tools/sdk/imt_sdk_win_64/imt_sdk_win_64/winavr/bin/../lib/gcc/avr/4.3.3/avr5\libgcc.a(_pack_sf.o)
                                0x19d (size before relaxing)
 .debug_str     0x000002e3        0xb d:/downloads/imt tools/sdk/imt_sdk_win_64/imt_sdk_win_64/winavr/bin/../lib/gcc/avr/4.3.3/avr5\libgcc.a(_unpack_sf.o)
                                0x17f (size before relaxing)
 .debug_str     0x000002ee       0x10 d:/downloads/imt tools/sdk/imt_sdk_win_64/imt_sdk_win_64/winavr/bin/../lib/gcc/avr/4.3.3/avr5\libgcc.a(_fpcmp_parts_sf.o)
                                0x163 (size before relaxing)
 .debug_str     0x00000000       0xf4 d:/downloads/imt tools/sdk/imt_sdk_win_64/imt_sdk_win_64/winavr/bin/../lib/gcc/avr/4.3.3/avr5\libgcc.a(_clz.o)

.debug_loc      0x00000000      0x9aa
 *(.debug_loc)
 .debug_loc     0x00000000       0x34 d:/downloads/imt tools/sdk/imt_sdk_win_64/imt_sdk_win_64/winavr/bin/../lib/gcc/avr/4.3.3/avr5\libgcc.a(_fixunssfsi.o)
 .debug_loc     0x00000034      0x32a d:/downloads/imt tools/sdk/imt_sdk_win_64/imt_sdk_win_64/winavr/bin/../lib/gcc/avr/4.3.3/avr5\libgcc.a(_addsub_sf.o)
 .debug_loc     0x0000035e      0x104 d:/downloads/imt tools/sdk/imt_sdk_win_64/imt_sdk_win_64/winavr/bin/../lib/gcc/avr/4.3.3/avr5\libgcc.a(_mul_sf.o)
 .debug_loc     0x00000462       0xc0 d:/downloads/imt tools/sdk/imt_sdk_win_64/imt_sdk_win_64/winavr/bin/../lib/gcc/avr/4.3.3/avr5\libgcc.a(_div_sf.o)
 .debug_loc     0x00000522       0x3c d:/downloads/imt tools/sdk/imt_sdk_win_64/imt_sdk_win_64/winavr/bin/../lib/gcc/avr/4.3.3/avr5\libgcc.a(_ne_sf.o)
 .debug_loc     0x0000055e       0x3c d:/downloads/imt tools/sdk/imt_sdk_win_64/imt_sdk_win_64/winavr/bin/../lib/gcc/avr/4.3.3/avr5\libgcc.a(_gt_sf.o)
 .debug_loc     0x0000059a       0x3c d:/downloads/imt tools/sdk/imt_sdk_win_64/imt_sdk_win_64/winavr/bin/../lib/gcc/avr/4.3.3/avr5\libgcc.a(_ge_sf.o)
 .debug_loc     0x000005d6       0x3c d:/downloads/imt tools/sdk/imt_sdk_win_64/imt_sdk_win_64/winavr/bin/../lib/gcc/avr/4.3.3/avr5\libgcc.a(_lt_sf.o)
 .debug_loc     0x00000612       0x7e d:/downloads/imt tools/sdk/imt_sdk_win_64/imt_sdk_win_64/winavr/bin/../lib/gcc/avr/4.3.3/avr5\libgcc.a(_sf_to_si.o)
 .debug_loc     0x00000690       0x4c d:/downloads/imt tools/sdk/imt_sdk_win_64/imt_sdk_win_64/winavr/bin/../lib/gcc/avr/4.3.3/avr5\libgcc.a(_usi_to_sf.o)
 .debug_loc     0x000006dc       0x94 d:/downloads/imt tools/sdk/imt_sdk_win_64/imt_sdk_win_64/winavr/bin/../lib/gcc/avr/4.3.3/avr5\libgcc.a(_clzsi2.o)
 .debug_loc     0x00000770      0x13e d:/downloads/imt tools/sdk/imt_sdk_win_64/imt_sdk_win_64/winavr/bin/../lib/gcc/avr/4.3.3/avr5\libgcc.a(_pack_sf.o)
 .debug_loc     0x000008ae       0xac d:/downloads/imt tools/sdk/imt_sdk_win_64/imt_sdk_win_64/winavr/bin/../lib/gcc/avr/4.3.3/avr5\libgcc.a(_unpack_sf.o)
 .debug_loc     0x0000095a       0x50 d:/downloads/imt tools/sdk/imt_sdk_win_64/imt_sdk_win_64/winavr/bin/../lib/gcc/avr/4.3.3/avr5\libgcc.a(_fpcmp_parts_sf.o)

.debug_macinfo
 *(.debug_macinfo)
OUTPUT(PRO.elf elf32-avr)
LOAD linker stubs

.debug_ranges   0x00000000       0x50
 .debug_ranges  0x00000000       0x50 d:/downloads/imt tools/sdk/imt_sdk_win_64/imt_sdk_win_64/winavr/bin/../lib/gcc/avr/4.3.3/avr5\libgcc.a(_mul_sf.o)
